Archive member included to satisfy reference by file (symbol)

/opt/MatrixMCU/arm-gnu-toolchain-13.2.Rel1-x86_64-arm-none-eabi/bin/../lib/gcc/arm-none-eabi/13.2.1/../../../../arm-none-eabi/lib/thumb/v7e-m+fp/hard/libc_nano.a(libc_a-exit.o)
                              /opt/MatrixMCU/arm-gnu-toolchain-13.2.Rel1-x86_64-arm-none-eabi/bin/../lib/gcc/arm-none-eabi/13.2.1/../../../../arm-none-eabi/lib/thumb/v7e-m+fp/hard/crt0.o (exit)
/opt/MatrixMCU/arm-gnu-toolchain-13.2.Rel1-x86_64-arm-none-eabi/bin/../lib/gcc/arm-none-eabi/13.2.1/../../../../arm-none-eabi/lib/thumb/v7e-m+fp/hard/libc_nano.a(libc_a-init.o)
                              /opt/MatrixMCU/arm-gnu-toolchain-13.2.Rel1-x86_64-arm-none-eabi/bin/../lib/gcc/arm-none-eabi/13.2.1/../../../../arm-none-eabi/lib/thumb/v7e-m+fp/hard/crt0.o (__libc_init_array)
/opt/MatrixMCU/arm-gnu-toolchain-13.2.Rel1-x86_64-arm-none-eabi/bin/../lib/gcc/arm-none-eabi/13.2.1/../../../../arm-none-eabi/lib/thumb/v7e-m+fp/hard/libc_nano.a(libc_a-findfp.o)
                              /opt/MatrixMCU/arm-gnu-toolchain-13.2.Rel1-x86_64-arm-none-eabi/bin/../lib/gcc/arm-none-eabi/13.2.1/../../../../arm-none-eabi/lib/thumb/v7e-m+fp/hard/libc_nano.a(libc_a-exit.o) (__stdio_exit_handler)
/opt/MatrixMCU/arm-gnu-toolchain-13.2.Rel1-x86_64-arm-none-eabi/bin/../lib/gcc/arm-none-eabi/13.2.1/../../../../arm-none-eabi/lib/thumb/v7e-m+fp/hard/libc_nano.a(libc_a-stdio.o)
                              /opt/MatrixMCU/arm-gnu-toolchain-13.2.Rel1-x86_64-arm-none-eabi/bin/../lib/gcc/arm-none-eabi/13.2.1/../../../../arm-none-eabi/lib/thumb/v7e-m+fp/hard/libc_nano.a(libc_a-findfp.o) (__sread)
/opt/MatrixMCU/arm-gnu-toolchain-13.2.Rel1-x86_64-arm-none-eabi/bin/../lib/gcc/arm-none-eabi/13.2.1/../../../../arm-none-eabi/lib/thumb/v7e-m+fp/hard/libc_nano.a(libc_a-readr.o)
                              /opt/MatrixMCU/arm-gnu-toolchain-13.2.Rel1-x86_64-arm-none-eabi/bin/../lib/gcc/arm-none-eabi/13.2.1/../../../../arm-none-eabi/lib/thumb/v7e-m+fp/hard/libc_nano.a(libc_a-stdio.o) (_read_r)
/opt/MatrixMCU/arm-gnu-toolchain-13.2.Rel1-x86_64-arm-none-eabi/bin/../lib/gcc/arm-none-eabi/13.2.1/../../../../arm-none-eabi/lib/thumb/v7e-m+fp/hard/libc_nano.a(libc_a-writer.o)
                              /opt/MatrixMCU/arm-gnu-toolchain-13.2.Rel1-x86_64-arm-none-eabi/bin/../lib/gcc/arm-none-eabi/13.2.1/../../../../arm-none-eabi/lib/thumb/v7e-m+fp/hard/libc_nano.a(libc_a-stdio.o) (_write_r)
/opt/MatrixMCU/arm-gnu-toolchain-13.2.Rel1-x86_64-arm-none-eabi/bin/../lib/gcc/arm-none-eabi/13.2.1/../../../../arm-none-eabi/lib/thumb/v7e-m+fp/hard/libc_nano.a(libc_a-fwalk.o)
                              /opt/MatrixMCU/arm-gnu-toolchain-13.2.Rel1-x86_64-arm-none-eabi/bin/../lib/gcc/arm-none-eabi/13.2.1/../../../../arm-none-eabi/lib/thumb/v7e-m+fp/hard/libc_nano.a(libc_a-findfp.o) (_fwalk_sglue)
/opt/MatrixMCU/arm-gnu-toolchain-13.2.Rel1-x86_64-arm-none-eabi/bin/../lib/gcc/arm-none-eabi/13.2.1/../../../../arm-none-eabi/lib/thumb/v7e-m+fp/hard/libc_nano.a(libc_a-memset.o)
                              /opt/MatrixMCU/arm-gnu-toolchain-13.2.Rel1-x86_64-arm-none-eabi/bin/../lib/gcc/arm-none-eabi/13.2.1/../../../../arm-none-eabi/lib/thumb/v7e-m+fp/hard/crt0.o (memset)
/opt/MatrixMCU/arm-gnu-toolchain-13.2.Rel1-x86_64-arm-none-eabi/bin/../lib/gcc/arm-none-eabi/13.2.1/../../../../arm-none-eabi/lib/thumb/v7e-m+fp/hard/libc_nano.a(libc_a-lock.o)
                              /opt/MatrixMCU/arm-gnu-toolchain-13.2.Rel1-x86_64-arm-none-eabi/bin/../lib/gcc/arm-none-eabi/13.2.1/../../../../arm-none-eabi/lib/thumb/v7e-m+fp/hard/libc_nano.a(libc_a-findfp.o) (__retarget_lock_init_recursive)
/opt/MatrixMCU/arm-gnu-toolchain-13.2.Rel1-x86_64-arm-none-eabi/bin/../lib/gcc/arm-none-eabi/13.2.1/../../../../arm-none-eabi/lib/thumb/v7e-m+fp/hard/libc_nano.a(libc_a-closer.o)
                              /opt/MatrixMCU/arm-gnu-toolchain-13.2.Rel1-x86_64-arm-none-eabi/bin/../lib/gcc/arm-none-eabi/13.2.1/../../../../arm-none-eabi/lib/thumb/v7e-m+fp/hard/libc_nano.a(libc_a-stdio.o) (_close_r)
/opt/MatrixMCU/arm-gnu-toolchain-13.2.Rel1-x86_64-arm-none-eabi/bin/../lib/gcc/arm-none-eabi/13.2.1/../../../../arm-none-eabi/lib/thumb/v7e-m+fp/hard/libc_nano.a(libc_a-reent.o)
                              /opt/MatrixMCU/arm-gnu-toolchain-13.2.Rel1-x86_64-arm-none-eabi/bin/../lib/gcc/arm-none-eabi/13.2.1/../../../../arm-none-eabi/lib/thumb/v7e-m+fp/hard/libc_nano.a(libc_a-readr.o) (errno)
/opt/MatrixMCU/arm-gnu-toolchain-13.2.Rel1-x86_64-arm-none-eabi/bin/../lib/gcc/arm-none-eabi/13.2.1/../../../../arm-none-eabi/lib/thumb/v7e-m+fp/hard/libc_nano.a(libc_a-impure.o)
                              /opt/MatrixMCU/arm-gnu-toolchain-13.2.Rel1-x86_64-arm-none-eabi/bin/../lib/gcc/arm-none-eabi/13.2.1/../../../../arm-none-eabi/lib/thumb/v7e-m+fp/hard/libc_nano.a(libc_a-reent.o) (_impure_ptr)
/opt/MatrixMCU/arm-gnu-toolchain-13.2.Rel1-x86_64-arm-none-eabi/bin/../lib/gcc/arm-none-eabi/13.2.1/../../../../arm-none-eabi/lib/thumb/v7e-m+fp/hard/libc_nano.a(libc_a-fflush.o)
[...]
Memory Configuration

Name             Origin             Length             Attributes
RAM              0x20000000         0x00020000         xrw
FLASH            0x08000000         0x00080000         xr
*default*        0x00000000         0xffffffff

Linker script and memory map

LOAD /opt/MatrixMCU/arm-gnu-toolchain-13.2.Rel1-x86_64-arm-none-eabi/bin/../lib/gcc/arm-none-eabi/13.2.1/thumb/v7e-m+fp/hard/crti.o
LOAD /opt/MatrixMCU/arm-gnu-toolchain-13.2.Rel1-x86_64-arm-none-eabi/bin/../lib/gcc/arm-none-eabi/13.2.1/thumb/v7e-m+fp/hard/crtbegin.o
LOAD /opt/MatrixMCU/arm-gnu-toolchain-13.2.Rel1-x86_64-arm-none-eabi/bin/../lib/gcc/arm-none-eabi/13.2.1/../../../../arm-none-eabi/lib/thumb/v7e-m+fp/hard/crt0.o
LOAD /opt/MatrixMCU/arm-gnu-toolchain-13.2.Rel1-x86_64-arm-none-eabi/bin/../lib/gcc/arm-none-eabi/13.2.1/../../../../arm-none-eabi/lib/thumb/v7e-m+fp/hard/libc_nano.a
LOAD /opt/MatrixMCU/arm-gnu-toolchain-13.2.Rel1-x86_64-arm-none-eabi/bin/../lib/gcc/arm-none-eabi/13.2.1/../../../../arm-none-eabi/lib/thumb/v7e-m+fp/hard/libm.a
LOAD CMakeFiles/main.dir/main.c.obj
LOAD CMakeFiles/main.dir/port/stm32f4/src/interr.c.obj
LOAD libplatform.a
LOAD libproject.a
LOAD libfsm.a
LOAD libplatform.a
START GROUP
LOAD /opt/MatrixMCU/arm-gnu-toolchain-13.2.Rel1-x86_64-arm-none-eabi/bin/../lib/gcc/arm-none-eabi/13.2.1/thumb/v7e-m+fp/hard/libgcc.a
LOAD /opt/MatrixMCU/arm-gnu-toolchain-13.2.Rel1-x86_64-arm-none-eabi/bin/../lib/gcc/arm-none-eabi/13.2.1/../../../../arm-none-eabi/lib/thumb/v7e-m+fp/hard/libg_nano.a
LOAD /opt/MatrixMCU/arm-gnu-toolchain-13.2.Rel1-x86_64-arm-none-eabi/bin/../lib/gcc/arm-none-eabi/13.2.1/../../../../arm-none-eabi/lib/thumb/v7e-m+fp/hard/libc_nano.a
END GROUP
START GROUP
LOAD /opt/MatrixMCU/arm-gnu-toolchain-13.2.Rel1-x86_64-arm-none-eabi/bin/../lib/gcc/arm-none-eabi/13.2.1/thumb/v7e-m+fp/hard/libgcc.a
LOAD /opt/MatrixMCU/arm-gnu-toolchain-13.2.Rel1-x86_64-arm-none-eabi/bin/../lib/gcc/arm-none-eabi/13.2.1/../../../../arm-none-eabi/lib/thumb/v7e-m+fp/hard/libc_nano.a
END GROUP
LOAD /opt/MatrixMCU/arm-gnu-toolchain-13.2.Rel1-x86_64-arm-none-eabi/bin/../lib/gcc/arm-none-eabi/13.2.1/thumb/v7e-m+fp/hard/crtend.o
LOAD /opt/MatrixMCU/arm-gnu-toolchain-13.2.Rel1-x86_64-arm-none-eabi/bin/../lib/gcc/arm-none-eabi/13.2.1/thumb/v7e-m+fp/hard/crtn.o
                0x20020000                        _estack = (ORIGIN (RAM) + LENGTH (RAM))
                0x00000200                        _Min_Heap_Size = 0x200
                0x00000400                        _Min_Stack_Size = 0x400

.isr_vector     0x08000000      0x1c4
                0x08000000                        . = ALIGN (0x4)
 *(.isr_vector)
 .isr_vector    0x08000000      0x1c4 libplatform.a(startup_stm32f446xx.s.obj)
                0x08000000                g_pfnVectors
                0x080001c4                        . = ALIGN (0x4)

.text           0x080001d0     0x543c
                0x080001d0                        . = ALIGN (0x4)
 *(.text)
 .text          0x080001d0       0x20 CMakeFiles/main.dir/main.c.obj
                0x080001d0                main
 .text          0x080001f0      0x218 CMakeFiles/main.dir/port/stm32f4/src/interr.c.obj
                0x080001f0                SysTick_Handler
                0x08000206                TIM2_IRQHandler
                0x080002fc                ADC_IRQHandler
 .text          0x08000408     0x1114 libproject.a(fsm_har_system.c.obj)
                0x08000408                _compute_max
                0x08000490                _compute_min
                0x08000518                _compute_mean
                0x08000594                _compare_doubles
                0x080005ea                _compute_median
                0x08000694                _compute_variance
                0x080013fa                fsm_har_system_get_activity
                0x0800141c                fsm_har_system_init
                0x080014f4                fsm_har_system_new
 .text          0x0800151c      0x124 libproject.a(port_har_sensor.c.obj)
                0x0800151c                _adc_to_mvolts
                0x08001550                port_har_sensor_check_samples_available
                0x0800156a                port_har_sensor_save_adc_value
                0x080015a2                port_har_sensor_init
 .text          0x08001640      0x380 libproject.a(port_har_system.c.obj)
                0x08001752                port_har_system_timer_setup
                0x08001978                port_har_system_timer_disable
                0x0800199c                port_har_system_timer_enable
 .text          0x080019c0      0xa2c libproject.a(port_system.c.obj)
                0x08001ba4                SystemInit
                0x08001bc8                system_clock_config
                0x08001c60                port_system_init
                0x08001cd4                port_system_get_millis
                0x08001cec                port_system_set_millis
                0x08001d0c                port_system_delay_ms
                0x08001d36                port_system_delay_until_ms
                0x08001d76                port_system_gpio_config
                0x08001e40                port_system_gpio_config_exti
                0x08001fd0                port_system_gpio_exti_enable
                0x08002040                port_system_gpio_exti_disable
                0x08002074                port_system_gpio_config_alternate
                0x080020ec                port_system_adc_single_ch_init
                0x08002260                port_system_adc_interrupt_enable
                0x08002296                port_system_adc_enable
                0x080022ca                port_system_adc_disable
                0x080022ea                port_system_adc_start_conversion
                0x08002328                port_system_power_stop
                0x08002368                port_system_power_sleep
                0x0800239c                port_system_systick_resume
                0x080023bc                port_system_systick_suspend
                0x080023dc                port_system_sleep
 .text          0x080023ec      0x2dc libproject.a(syscalls.c.obj)
                0x0800243a                __errno
                0x08002450                initialise_monitor_handles
                0x0800245e                _getpid
                0x0800246e                _kill
                0x08002494                _exit
                0x080024aa                _write
                0x080024e6                _sbrk
                0x08002544                _close
                0x0800255c                _fstat
                0x0800257c                _isatty
                0x08002592                _lseek
                0x080025ac                _read
                0x080025c6                _open
                0x080025e2                _wait
                0x08002604                _unlink
                0x08002628                _times
                0x08002640                _stat
                0x08002660                _link
                0x08002684                _fork
                0x080026a0                _execve
 .text          0x080026c8      0x126 libfsm.a(fsm.c.obj)
                0x080026c8                fsm_new
                0x0800271c                fsm_destroy
                0x08002732                fsm_init
                0x0800275c                fsm_get_state
                0x08002774                fsm_set_state
                0x08002790                fsm_fire
 *fill*         0x080027ee        0x2 
 .text          0x080027f0      0x378 /opt/MatrixMCU/arm-gnu-toolchain-13.2.Rel1-x86_64-arm-none-eabi/bin/../lib/gcc/arm-none-eabi/13.2.1/thumb/v7e-m+fp/hard/libgcc.a(_arm_addsubdf3.o)
                0x080027f0                __aeabi_drsub
                0x080027f8                __aeabi_dsub
                0x080027f8                __subdf3
                0x080027fc                __adddf3
                0x080027fc                __aeabi_dadd
                0x08002a74                __aeabi_ui2d
                0x08002a74                __floatunsidf
                0x08002a94                __floatsidf
                0x08002a94                __aeabi_i2d
                0x08002ab8                __extendsfdf2
                0x08002ab8                __aeabi_f2d
                0x08002afc                __aeabi_ul2d
                0x08002afc                __floatundidf
                0x08002b0c                __floatdidf
                0x08002b0c                __aeabi_l2d
 .text          0x08002b68      0x424 /opt/MatrixMCU/arm-gnu-toolchain-13.2.Rel1-x86_64-arm-none-eabi/bin/../lib/gcc/arm-none-eabi/13.2.1/thumb/v7e-m+fp/hard/libgcc.a(_arm_muldivdf3.o)
                0x08002b68                __aeabi_dmul
                0x08002b68                __muldf3
                0x08002dbc                __aeabi_ddiv
                0x08002dbc                __divdf3
 .text          0x08002f8c      0x110 /opt/MatrixMCU/arm-gnu-toolchain-13.2.Rel1-x86_64-arm-none-eabi/bin/../lib/gcc/arm-none-eabi/13.2.1/thumb/v7e-m+fp/hard/libgcc.a(_arm_cmpdf2.o)
                0x08002f8c                __gtdf2
                0x08002f8c                __gedf2
                0x08002f94                __ltdf2
                0x08002f94                __ledf2
                0x08002f9c                __cmpdf2
                0x08002f9c                __eqdf2
                0x08002f9c                __nedf2
                0x08003018                __aeabi_cdrcmple
                0x08003028                __aeabi_cdcmple
                0x08003028                __aeabi_cdcmpeq
                0x08003038                __aeabi_dcmpeq
                0x0800304c                __aeabi_dcmplt
                0x08003060                __aeabi_dcmple
                0x08003074                __aeabi_dcmpge
                0x08003088                __aeabi_dcmpgt
 .text          0x0800309c       0x40 /opt/MatrixMCU/arm-gnu-toolchain-13.2.Rel1-x86_64-arm-none-eabi/bin/../lib/gcc/arm-none-eabi/13.2.1/thumb/v7e-m+fp/hard/libgcc.a(_arm_fixunsdfsi.o)
                0x0800309c                __fixunsdfsi
                0x0800309c                __aeabi_d2uiz
 *fill*         0x080030dc        0x4 
 .text          0x080030e0       0xa0 /opt/MatrixMCU/arm-gnu-toolchain-13.2.Rel1-x86_64-arm-none-eabi/bin/../lib/gcc/arm-none-eabi/13.2.1/../../../../arm-none-eabi/lib/thumb/v7e-m+fp/hard/libg_nano.a(libc_a-memchr.o)
                0x080030e0                memchr
 .text          0x08003180       0x10 /opt/MatrixMCU/arm-gnu-toolchain-13.2.Rel1-x86_64-arm-none-eabi/bin/../lib/gcc/arm-none-eabi/13.2.1/../../../../arm-none-eabi/lib/thumb/v7e-m+fp/hard/libg_nano.a(libc_a-strlen.o)
                0x08003180                strlen
 .text          0x08003190       0x2c /opt/MatrixMCU/arm-gnu-toolchain-13.2.Rel1-x86_64-arm-none-eabi/bin/../lib/gcc/arm-none-eabi/13.2.1/thumb/v7e-m+fp/hard/libgcc.a(_arm_unorddf2.o)
                0x08003190                __aeabi_dcmpun
                0x08003190                __unorddf2
 *(.text*)
 .text.deregister_tm_clones
                0x080031bc       0x1c /opt/MatrixMCU/arm-gnu-toolchain-13.2.Rel1-x86_64-arm-none-eabi/bin/../lib/gcc/arm-none-eabi/13.2.1/thumb/v7e-m+fp/hard/crtbegin.o
 .text.register_tm_clones
                0x080031d8       0x24 /opt/MatrixMCU/arm-gnu-toolchain-13.2.Rel1-x86_64-arm-none-eabi/bin/../lib/gcc/arm-none-eabi/13.2.1/thumb/v7e-m+fp/hard/crtbegin.o
 .text.__do_global_dtors_aux
                0x080031fc       0x28 /opt/MatrixMCU/arm-gnu-toolchain-13.2.Rel1-x86_64-arm-none-eabi/bin/../lib/gcc/arm-none-eabi/13.2.1/thumb/v7e-m+fp/hard/crtbegin.o
 .text.frame_dummy
                0x08003224       0x24 /opt/MatrixMCU/arm-gnu-toolchain-13.2.Rel1-x86_64-arm-none-eabi/bin/../lib/gcc/arm-none-eabi/13.2.1/thumb/v7e-m+fp/hard/crtbegin.o
 .text.__libc_init_array
                0x08003248       0x48 /opt/MatrixMCU/arm-gnu-toolchain-13.2.Rel1-x86_64-arm-none-eabi/bin/../lib/gcc/arm-none-eabi/13.2.1/../../../../arm-none-eabi/lib/thumb/v7e-m+fp/hard/libc_nano.a(libc_a-init.o)
                0x08003248                __libc_init_array
 .text.std      0x08003290       0x6c /opt/MatrixMCU/arm-gnu-toolchain-13.2.Rel1-x86_64-arm-none-eabi/bin/../lib/gcc/arm-none-eabi/13.2.1/../../../../arm-none-eabi/lib/thumb/v7e-m+fp/hard/libc_nano.a(libc_a-findfp.o)
 .text.stdio_exit_handler
                0x080032fc       0x18 /opt/MatrixMCU/arm-gnu-toolchain-13.2.Rel1-x86_64-arm-none-eabi/bin/../lib/gcc/arm-none-eabi/13.2.1/../../../../arm-none-eabi/lib/thumb/v7e-m+fp/hard/libc_nano.a(libc_a-findfp.o)
 .text.cleanup_stdio
                0x08003314       0x40 /opt/MatrixMCU/arm-gnu-toolchain-13.2.Rel1-x86_64-arm-none-eabi/bin/../lib/gcc/arm-none-eabi/13.2.1/../../../../arm-none-eabi/lib/thumb/v7e-m+fp/hard/libc_nano.a(libc_a-findfp.o)
 .text.global_stdio_init.part.0
                0x08003354       0x3c /opt/MatrixMCU/arm-gnu-toolchain-13.2.Rel1-x86_64-arm-none-eabi/bin/../lib/gcc/arm-none-eabi/13.2.1/../../../../arm-none-eabi/lib/thumb/v7e-m+fp/hard/libc_nano.a(libc_a-findfp.o)
 .text.__sfp_lock_acquire
                0x08003390        0xc /opt/MatrixMCU/arm-gnu-toolchain-13.2.Rel1-x86_64-arm-none-eabi/bin/../lib/gcc/arm-none-eabi/13.2.1/../../../../arm-none-eabi/lib/thumb/v7e-m+fp/hard/libc_nano.a(libc_a-findfp.o)
                0x08003390                __sfp_lock_acquire
 .text.__sfp_lock_release
                0x0800339c        0xc /opt/MatrixMCU/arm-gnu-toolchain-13.2.Rel1-x86_64-arm-none-eabi/bin/../lib/gcc/arm-none-eabi/13.2.1/../../../../arm-none-eabi/lib/thumb/v7e-m+fp/hard/libc_nano.a(libc_a-findfp.o)
                0x0800339c                __sfp_lock_release
 .text.__sinit  0x080033a8       0x30 /opt/MatrixMCU/arm-gnu-toolchain-13.2.Rel1-x86_64-arm-none-eabi/bin/../lib/gcc/arm-none-eabi/13.2.1/../../../../arm-none-eabi/lib/thumb/v7e-m+fp/hard/libc_nano.a(libc_a-findfp.o)
                0x080033a8                __sinit
 .text.__sread  0x080033d8       0x22 /opt/MatrixMCU/arm-gnu-toolchain-13.2.Rel1-x86_64-arm-none-eabi/bin/../lib/gcc/arm-none-eabi/13.2.1/../../../../arm-none-eabi/lib/thumb/v7e-m+fp/hard/libc_nano.a(libc_a-stdio.o)
                0x080033d8                __sread
 .text.__swrite
                0x080033fa       0x38 /opt/MatrixMCU/arm-gnu-toolchain-13.2.Rel1-x86_64-arm-none-eabi/bin/../lib/gcc/arm-none-eabi/13.2.1/../../../../arm-none-eabi/lib/thumb/v7e-m+fp/hard/libc_nano.a(libc_a-stdio.o)
                0x080033fa                __swrite
 .text.__sseek  0x08003432       0x24 /opt/MatrixMCU/arm-gnu-toolchain-13.2.Rel1-x86_64-arm-none-eabi/bin/../lib/gcc/arm-none-eabi/13.2.1/../../../../arm-none-eabi/lib/thumb/v7e-m+fp/hard/libc_nano.a(libc_a-stdio.o)
                0x08003432                __sseek
 .text.__sclose
                0x08003456        0x8 /opt/MatrixMCU/arm-gnu-toolchain-13.2.Rel1-x86_64-arm-none-eabi/bin/../lib/gcc/arm-none-eabi/13.2.1/../../../../arm-none-eabi/lib/thumb/v7e-m+fp/hard/libc_nano.a(libc_a-stdio.o)
                0x08003456                __sclose
 *fill*         0x0800345e        0x2 
 .text._read_r  0x08003460       0x24 /opt/MatrixMCU/arm-gnu-toolchain-13.2.Rel1-x86_64-arm-none-eabi/bin/../lib/gcc/arm-none-eabi/13.2.1/../../../../arm-none-eabi/lib/thumb/v7e-m+fp/hard/libc_nano.a(libc_a-readr.o)
                0x08003460                _read_r
 .text._write_r
                0x08003484       0x24 /opt/MatrixMCU/arm-gnu-toolchain-13.2.Rel1-x86_64-arm-none-eabi/bin/../lib/gcc/arm-none-eabi/13.2.1/../../../../arm-none-eabi/lib/thumb/v7e-m+fp/hard/libc_nano.a(libc_a-writer.o)
                0x08003484                _write_r
 .text._fwalk_sglue
                0x080034a8       0x3c /opt/MatrixMCU/arm-gnu-toolchain-13.2.Rel1-x86_64-arm-none-eabi/bin/../lib/gcc/arm-none-eabi/13.2.1/../../../../arm-none-eabi/lib/thumb/v7e-m+fp/hard/libc_nano.a(libc_a-fwalk.o)
                0x080034a8                _fwalk_sglue
 .text.memset   0x080034e4       0x10 /opt/MatrixMCU/arm-gnu-toolchain-13.2.Rel1-x86_64-arm-none-eabi/bin/../lib/gcc/arm-none-eabi/13.2.1/../../../../arm-none-eabi/lib/thumb/v7e-m+fp/hard/libc_nano.a(libc_a-memset.o)
                0x080034e4                memset
 .text.__retarget_lock_init_recursive
                0x080034f4        0x2 /opt/MatrixMCU/arm-gnu-toolchain-13.2.Rel1-x86_64-arm-none-eabi/bin/../lib/gcc/arm-none-eabi/13.2.1/../../../../arm-none-eabi/lib/thumb/v7e-m+fp/hard/libc_nano.a(libc_a-lock.o)
                0x080034f4                __retarget_lock_init_recursive
 .text.__retarget_lock_acquire_recursive
                0x080034f6        0x2 /opt/MatrixMCU/arm-gnu-toolchain-13.2.Rel1-x86_64-arm-none-eabi/bin/../lib/gcc/arm-none-eabi/13.2.1/../../../../arm-none-eabi/lib/thumb/v7e-m+fp/hard/libc_nano.a(libc_a-lock.o)
                0x080034f6                __retarget_lock_acquire_recursive
 .text.__retarget_lock_release_recursive
                0x080034f8        0x2 /opt/MatrixMCU/arm-gnu-toolchain-13.2.Rel1-x86_64-arm-none-eabi/bin/../lib/gcc/arm-none-eabi/13.2.1/../../../../arm-none-eabi/lib/thumb/v7e-m+fp/hard/libc_nano.a(libc_a-lock.o)
                0x080034f8                __retarget_lock_release_recursive
 *fill*         0x080034fa        0x2 
 .text._close_r
                0x080034fc       0x20 /opt/MatrixMCU/arm-gnu-toolchain-13.2.Rel1-x86_64-arm-none-eabi/bin/../lib/gcc/arm-none-eabi/13.2.1/../../../../arm-none-eabi/lib/thumb/v7e-m+fp/hard/libc_nano.a(libc_a-closer.o)
                0x080034fc                _close_r
 .text.__sflush_r
                0x0800351c      0x108 /opt/MatrixMCU/arm-gnu-toolchain-13.2.Rel1-x86_64-arm-none-eabi/bin/../lib/gcc/arm-none-eabi/13.2.1/../../../../arm-none-eabi/lib/thumb/v7e-m+fp/hard/libc_nano.a(libc_a-fflush.o)
                0x0800351c                __sflush_r
 .text._fflush_r
                0x08003624       0x50 /opt/MatrixMCU/arm-gnu-toolchain-13.2.Rel1-x86_64-arm-none-eabi/bin/../lib/gcc/arm-none-eabi/13.2.1/../../../../arm-none-eabi/lib/thumb/v7e-m+fp/hard/libc_nano.a(libc_a-fflush.o)
                0x08003624                _fflush_r
 .text.sbrk_aligned
                0x08003674       0x44 /opt/MatrixMCU/arm-gnu-toolchain-13.2.Rel1-x86_64-arm-none-eabi/bin/../lib/gcc/arm-none-eabi/13.2.1/../../../../arm-none-eabi/lib/thumb/v7e-m+fp/hard/libc_nano.a(libc_a-mallocr.o)
 .text._malloc_r
                0x080036b8      0x100 /opt/MatrixMCU/arm-gnu-toolchain-13.2.Rel1-x86_64-arm-none-eabi/bin/../lib/gcc/arm-none-eabi/13.2.1/../../../../arm-none-eabi/lib/thumb/v7e-m+fp/hard/libc_nano.a(libc_a-mallocr.o)
                0x080036b8                _malloc_r
 .text._lseek_r
                0x080037b8       0x24 /opt/MatrixMCU/arm-gnu-toolchain-13.2.Rel1-x86_64-arm-none-eabi/bin/../lib/gcc/arm-none-eabi/13.2.1/../../../../arm-none-eabi/lib/thumb/v7e-m+fp/hard/libc_nano.a(libc_a-lseekr.o)
                0x080037b8                _lseek_r
 .text.__malloc_lock
                0x080037dc        0xc /opt/MatrixMCU/arm-gnu-toolchain-13.2.Rel1-x86_64-arm-none-eabi/bin/../lib/gcc/arm-none-eabi/13.2.1/../../../../arm-none-eabi/lib/thumb/v7e-m+fp/hard/libc_nano.a(libc_a-mlock.o)
                0x080037dc                __malloc_lock
 .text.__malloc_unlock
                0x080037e8        0xc /opt/MatrixMCU/arm-gnu-toolchain-13.2.Rel1-x86_64-arm-none-eabi/bin/../lib/gcc/arm-none-eabi/13.2.1/../../../../arm-none-eabi/lib/thumb/v7e-m+fp/hard/libc_nano.a(libc_a-mlock.o)
                0x080037e8                __malloc_unlock
 .text._sbrk_r  0x080037f4       0x20 /opt/MatrixMCU/arm-gnu-toolchain-13.2.Rel1-x86_64-arm-none-eabi/bin/../lib/gcc/arm-none-eabi/13.2.1/../../../../arm-none-eabi/lib/thumb/v7e-m+fp/hard/libc_nano.a(libc_a-sbrkr.o)
                0x080037f4                _sbrk_r
 .text._free_r  0x08003814       0x94 /opt/MatrixMCU/arm-gnu-toolchain-13.2.Rel1-x86_64-arm-none-eabi/bin/../lib/gcc/arm-none-eabi/13.2.1/../../../../arm-none-eabi/lib/thumb/v7e-m+fp/hard/libc_nano.a(libc_a-freer.o)
                0x08003814                _free_r
 .text.Reset_Handler
                0x080038a8       0x50 libplatform.a(startup_stm32f446xx.s.obj)
                0x080038a8                Reset_Handler
 .text.Default_Handler
                0x080038f8        0x2 libplatform.a(startup_stm32f446xx.s.obj)
                0x080038f8                RTC_Alarm_IRQHandler
                0x080038f8                EXTI2_IRQHandler
                0x080038f8                TIM8_CC_IRQHandler
                0x080038f8                DebugMon_Handler
                0x080038f8                FMPI2C1_EV_IRQHandler
                0x080038f8                SPI4_IRQHandler
                0x080038f8                TIM1_CC_IRQHandler
                0x080038f8                DMA2_Stream5_IRQHandler
                0x080038f8                HardFault_Handler
                0x080038f8                DMA1_Stream5_IRQHandler
                0x080038f8                PVD_IRQHandler
                0x080038f8                SDIO_IRQHandler
                0x080038f8                TAMP_STAMP_IRQHandler
                0x080038f8                PendSV_Handler
                0x080038f8                NMI_Handler
                0x080038f8                CAN2_RX1_IRQHandler
                0x080038f8                EXTI3_IRQHandler
                0x080038f8                TIM8_TRG_COM_TIM14_IRQHandler
                0x080038f8                TIM1_UP_TIM10_IRQHandler
                0x080038f8                TIM8_UP_TIM13_IRQHandler
                0x080038f8                I2C3_ER_IRQHandler
                0x080038f8                EXTI0_IRQHandler
                0x080038f8                I2C2_EV_IRQHandler
                0x080038f8                DMA1_Stream2_IRQHandler
                0x080038f8                CAN1_RX0_IRQHandler
                0x080038f8                FPU_IRQHandler
                0x080038f8                OTG_HS_WKUP_IRQHandler
                0x080038f8                UsageFault_Handler
                0x080038f8                CAN2_SCE_IRQHandler
                0x080038f8                DMA2_Stream2_IRQHandler
                0x080038f8                SPI1_IRQHandler
                0x080038f8                TIM6_DAC_IRQHandler
                0x080038f8                TIM1_BRK_TIM9_IRQHandler
                0x080038f8                DCMI_IRQHandler
                0x080038f8                CAN2_RX0_IRQHandler
                0x080038f8                DMA2_Stream3_IRQHandler
                0x080038f8                SAI2_IRQHandler
                0x080038f8                USART6_IRQHandler
                0x080038f8                USART3_IRQHandler
                0x080038f8                CAN1_RX1_IRQHandler
                0x080038f8                UART5_IRQHandler
                0x080038f8                DMA2_Stream0_IRQHandler
                0x080038f8                TIM4_IRQHandler
                0x080038f8                QUADSPI_IRQHandler
                0x080038f8                I2C1_EV_IRQHandler
                0x080038f8                DMA1_Stream6_IRQHandler
                0x080038f8                DMA1_Stream1_IRQHandler
                0x080038f8                UART4_IRQHandler
                0x080038f8                TIM3_IRQHandler
                0x080038f8                RCC_IRQHandler
                0x080038f8                TIM8_BRK_TIM12_IRQHandler
                0x080038f8                Default_Handler
                0x080038f8                CEC_IRQHandler
                0x080038f8                EXTI15_10_IRQHandler
                0x080038f8                DMA1_Stream7_IRQHandler
                0x080038f8                TIM7_IRQHandler
                0x080038f8                CAN2_TX_IRQHandler
                0x080038f8                TIM5_IRQHandler
                0x080038f8                DMA2_Stream7_IRQHandler
                0x080038f8                I2C3_EV_IRQHandler
                0x080038f8                EXTI9_5_IRQHandler
                0x080038f8                RTC_WKUP_IRQHandler
                0x080038f8                SPDIF_RX_IRQHandler
                0x080038f8                SPI2_IRQHandler
                0x080038f8                OTG_HS_EP1_IN_IRQHandler
                0x080038f8                MemManage_Handler
                0x080038f8                DMA1_Stream0_IRQHandler
                0x080038f8                CAN1_TX_IRQHandler
                0x080038f8                SVC_Handler
                0x080038f8                FMPI2C1_ER_IRQHandler
                0x080038f8                EXTI4_IRQHandler
                0x080038f8                OTG_HS_EP1_OUT_IRQHandler
                0x080038f8                WWDG_IRQHandler
                0x080038f8                OTG_FS_WKUP_IRQHandler
                0x080038f8                TIM1_TRG_COM_TIM11_IRQHandler
                0x080038f8                OTG_HS_IRQHandler
                0x080038f8                EXTI1_IRQHandler
                0x080038f8                USART2_IRQHandler
                0x080038f8                I2C2_ER_IRQHandler
                0x080038f8                DMA2_Stream1_IRQHandler
                0x080038f8                CAN1_SCE_IRQHandler
                0x080038f8                FLASH_IRQHandler
                0x080038f8                DMA2_Stream4_IRQHandler
                0x080038f8                BusFault_Handler
                0x080038f8                USART1_IRQHandler
                0x080038f8                OTG_FS_IRQHandler
                0x080038f8                SPI3_IRQHandler
                0x080038f8                DMA1_Stream4_IRQHandler
                0x080038f8                I2C1_ER_IRQHandler
                0x080038f8                FMC_IRQHandler
                0x080038f8                DMA2_Stream6_IRQHandler
                0x080038f8                SAI1_IRQHandler
                0x080038f8                DMA1_Stream3_IRQHandler
 .text.strcpy   0x080038fa       0x10 /opt/MatrixMCU/arm-gnu-toolchain-13.2.Rel1-x86_64-arm-none-eabi/bin/../lib/gcc/arm-none-eabi/13.2.1/../../../../arm-none-eabi/lib/thumb/v7e-m+fp/hard/libg_nano.a(libc_a-strcpy.o)
                0x080038fa                strcpy
 *fill*         0x0800390a        0x2 
 .text.printf   0x0800390c       0x24 /opt/MatrixMCU/arm-gnu-toolchain-13.2.Rel1-x86_64-arm-none-eabi/bin/../lib/gcc/arm-none-eabi/13.2.1/../../../../arm-none-eabi/lib/thumb/v7e-m+fp/hard/libg_nano.a(libc_a-printf.o)
                0x0800390c                printf
                0x0800390c                iprintf
 .text.__sfputc_r
                0x08003930       0x2e /opt/MatrixMCU/arm-gnu-toolchain-13.2.Rel1-x86_64-arm-none-eabi/bin/../lib/gcc/arm-none-eabi/13.2.1/../../../../arm-none-eabi/lib/thumb/v7e-m+fp/hard/libg_nano.a(libc_a-nano-vfprintf.o)
 .text.__sfputs_r
                0x0800395e       0x24 /opt/MatrixMCU/arm-gnu-toolchain-13.2.Rel1-x86_64-arm-none-eabi/bin/../lib/gcc/arm-none-eabi/13.2.1/../../../../arm-none-eabi/lib/thumb/v7e-m+fp/hard/libg_nano.a(libc_a-nano-vfprintf.o)
                0x0800395e                __sfputs_r
 *fill*         0x08003982        0x2 
 .text._vfprintf_r
                0x08003984      0x230 /opt/MatrixMCU/arm-gnu-toolchain-13.2.Rel1-x86_64-arm-none-eabi/bin/../lib/gcc/arm-none-eabi/13.2.1/../../../../arm-none-eabi/lib/thumb/v7e-m+fp/hard/libg_nano.a(libc_a-nano-vfprintf.o)
                0x08003984                _vfiprintf_r
                0x08003984                _vfprintf_r
 .text.__swbuf_r
                0x08003bb4       0x7c /opt/MatrixMCU/arm-gnu-toolchain-13.2.Rel1-x86_64-arm-none-eabi/bin/../lib/gcc/arm-none-eabi/13.2.1/../../../../arm-none-eabi/lib/thumb/v7e-m+fp/hard/libg_nano.a(libc_a-wbuf.o)
                0x08003bb4                __swbuf_r
 .text.__swsetup_r
                0x08003c30       0xac /opt/MatrixMCU/arm-gnu-toolchain-13.2.Rel1-x86_64-arm-none-eabi/bin/../lib/gcc/arm-none-eabi/13.2.1/../../../../arm-none-eabi/lib/thumb/v7e-m+fp/hard/libg_nano.a(libc_a-wsetup.o)
                0x08003c30                __swsetup_r
 .text._printf_common
                0x08003cdc       0xda /opt/MatrixMCU/arm-gnu-toolchain-13.2.Rel1-x86_64-arm-none-eabi/bin/../lib/gcc/arm-none-eabi/13.2.1/../../../../arm-none-eabi/lib/thumb/v7e-m+fp/hard/libg_nano.a(libc_a-nano-vfprintf_i.o)
                0x08003cdc                _printf_common
 *fill*         0x08003db6        0x2 
 .text._printf_i
                0x08003db8      0x23c /opt/MatrixMCU/arm-gnu-toolchain-13.2.Rel1-x86_64-arm-none-eabi/bin/../lib/gcc/arm-none-eabi/13.2.1/../../../../arm-none-eabi/lib/thumb/v7e-m+fp/hard/libg_nano.a(libc_a-nano-vfprintf_i.o)
                0x08003db8                _printf_i
 .text.memcpy   0x08003ff4       0x1c /opt/MatrixMCU/arm-gnu-toolchain-13.2.Rel1-x86_64-arm-none-eabi/bin/../lib/gcc/arm-none-eabi/13.2.1/../../../../arm-none-eabi/lib/thumb/v7e-m+fp/hard/libg_nano.a(libc_a-memcpy-stub.o)
                0x08003ff4                memcpy
 .text.malloc   0x08004010       0x10 /opt/MatrixMCU/arm-gnu-toolchain-13.2.Rel1-x86_64-arm-none-eabi/bin/../lib/gcc/arm-none-eabi/13.2.1/../../../../arm-none-eabi/lib/thumb/v7e-m+fp/hard/libg_nano.a(libc_a-malloc.o)
                0x08004010                malloc
 .text.free     0x08004020       0x10 /opt/MatrixMCU/arm-gnu-toolchain-13.2.Rel1-x86_64-arm-none-eabi/bin/../lib/gcc/arm-none-eabi/13.2.1/../../../../arm-none-eabi/lib/thumb/v7e-m+fp/hard/libg_nano.a(libc_a-malloc.o)
                0x08004020                free
 .text.swapfunc
                0x08004030       0x32 /opt/MatrixMCU/arm-gnu-toolchain-13.2.Rel1-x86_64-arm-none-eabi/bin/../lib/gcc/arm-none-eabi/13.2.1/../../../../arm-none-eabi/lib/thumb/v7e-m+fp/hard/libg_nano.a(libc_a-qsort.o)
 .text.med3.constprop.0
                0x08004062       0x40 /opt/MatrixMCU/arm-gnu-toolchain-13.2.Rel1-x86_64-arm-none-eabi/bin/../lib/gcc/arm-none-eabi/13.2.1/../../../../arm-none-eabi/lib/thumb/v7e-m+fp/hard/libg_nano.a(libc_a-qsort.o)
 .text.qsort    0x080040a2      0x28e /opt/MatrixMCU/arm-gnu-toolchain-13.2.Rel1-x86_64-arm-none-eabi/bin/../lib/gcc/arm-none-eabi/13.2.1/../../../../arm-none-eabi/lib/thumb/v7e-m+fp/hard/libg_nano.a(libc_a-qsort.o)
                0x080040a2                qsort
 .text.__swhatbuf_r
                0x08004330       0x4c /opt/MatrixMCU/arm-gnu-toolchain-13.2.Rel1-x86_64-arm-none-eabi/bin/../lib/gcc/arm-none-eabi/13.2.1/../../../../arm-none-eabi/lib/thumb/v7e-m+fp/hard/libg_nano.a(libc_a-makebuf.o)
                0x08004330                __swhatbuf_r
 .text.__smakebuf_r
                0x0800437c       0x78 /opt/MatrixMCU/arm-gnu-toolchain-13.2.Rel1-x86_64-arm-none-eabi/bin/../lib/gcc/arm-none-eabi/13.2.1/../../../../arm-none-eabi/lib/thumb/v7e-m+fp/hard/libg_nano.a(libc_a-makebuf.o)
                0x0800437c                __smakebuf_r
 .text._fstat_r
                0x080043f4       0x24 /opt/MatrixMCU/arm-gnu-toolchain-13.2.Rel1-x86_64-arm-none-eabi/bin/../lib/gcc/arm-none-eabi/13.2.1/../../../../arm-none-eabi/lib/thumb/v7e-m+fp/hard/libg_nano.a(libc_a-fstatr.o)
                0x080043f4                _fstat_r
 .text._isatty_r
                0x08004418       0x20 /opt/MatrixMCU/arm-gnu-toolchain-13.2.Rel1-x86_64-arm-none-eabi/bin/../lib/gcc/arm-none-eabi/13.2.1/../../../../arm-none-eabi/lib/thumb/v7e-m+fp/hard/libg_nano.a(libc_a-isattyr.o)
                0x08004418                _isatty_r
 .text.sqrt     0x08004438       0x68 /opt/MatrixMCU/arm-gnu-toolchain-13.2.Rel1-x86_64-arm-none-eabi/bin/../lib/gcc/arm-none-eabi/13.2.1/../../../../arm-none-eabi/lib/thumb/v7e-m+fp/hard/libm.a(libm_a-w_sqrt.o)
                0x08004438                sqrt
 .text.__ieee754_sqrt
                0x080044a0      0x1f4 /opt/MatrixMCU/arm-gnu-toolchain-13.2.Rel1-x86_64-arm-none-eabi/bin/../lib/gcc/arm-none-eabi/13.2.1/../../../../arm-none-eabi/lib/thumb/v7e-m+fp/hard/libm.a(libm_a-e_sqrt.o)
                0x080044a0                __ieee754_sqrt
 .text.round    0x08004694       0xa0 /opt/MatrixMCU/arm-gnu-toolchain-13.2.Rel1-x86_64-arm-none-eabi/bin/../lib/gcc/arm-none-eabi/13.2.1/../../../../arm-none-eabi/lib/thumb/v7e-m+fp/hard/libm.a(libm_a-s_round.o)
                0x08004694                round
 *fill*         0x08004734        0x4 
 .text.pow      0x08004738       0xf0 /opt/MatrixMCU/arm-gnu-toolchain-13.2.Rel1-x86_64-arm-none-eabi/bin/../lib/gcc/arm-none-eabi/13.2.1/../../../../arm-none-eabi/lib/thumb/v7e-m+fp/hard/libm.a(libm_a-w_pow.o)
                0x08004738                pow
 .text.finite   0x08004828       0x18 /opt/MatrixMCU/arm-gnu-toolchain-13.2.Rel1-x86_64-arm-none-eabi/bin/../lib/gcc/arm-none-eabi/13.2.1/../../../../arm-none-eabi/lib/thumb/v7e-m+fp/hard/libm.a(libm_a-s_finite.o)
                0x08004828                finite
 .text.__ieee754_pow
                0x08004840      0xc14 /opt/MatrixMCU/arm-gnu-toolchain-13.2.Rel1-x86_64-arm-none-eabi/bin/../lib/gcc/arm-none-eabi/13.2.1/../../../../arm-none-eabi/lib/thumb/v7e-m+fp/hard/libm.a(libm_a-e_pow.o)
                0x08004840                __ieee754_pow
 .text.with_errno
                0x08005454       0x24 /opt/MatrixMCU/arm-gnu-toolchain-13.2.Rel1-x86_64-arm-none-eabi/bin/../lib/gcc/arm-none-eabi/13.2.1/../../../../arm-none-eabi/lib/thumb/v7e-m+fp/hard/libm.a(libm_a-math_err.o)
 .text.xflow    0x08005478       0x34 /opt/MatrixMCU/arm-gnu-toolchain-13.2.Rel1-x86_64-arm-none-eabi/bin/../lib/gcc/arm-none-eabi/13.2.1/../../../../arm-none-eabi/lib/thumb/v7e-m+fp/hard/libm.a(libm_a-math_err.o)
 *fill*         0x080054ac        0x4 
 .text.__math_uflow
                0x080054b0       0x10 /opt/MatrixMCU/arm-gnu-toolchain-13.2.Rel1-x86_64-arm-none-eabi/bin/../lib/gcc/arm-none-eabi/13.2.1/../../../../arm-none-eabi/lib/thumb/v7e-m+fp/hard/libm.a(libm_a-math_err.o)
                0x080054b0                __math_uflow
 .text.__math_oflow
                0x080054c0       0x10 /opt/MatrixMCU/arm-gnu-toolchain-13.2.Rel1-x86_64-arm-none-eabi/bin/../lib/gcc/arm-none-eabi/13.2.1/../../../../arm-none-eabi/lib/thumb/v7e-m+fp/hard/libm.a(libm_a-math_err.o)
                0x080054c0                __math_oflow
 .text.fabs     0x080054d0       0x10 /opt/MatrixMCU/arm-gnu-toolchain-13.2.Rel1-x86_64-arm-none-eabi/bin/../lib/gcc/arm-none-eabi/13.2.1/../../../../arm-none-eabi/lib/thumb/v7e-m+fp/hard/libm.a(libm_a-s_fabs.o)
                0x080054d0                fabs
 .text.scalbn   0x080054e0      0x114 /opt/MatrixMCU/arm-gnu-toolchain-13.2.Rel1-x86_64-arm-none-eabi/bin/../lib/gcc/arm-none-eabi/13.2.1/../../../../arm-none-eabi/lib/thumb/v7e-m+fp/hard/libm.a(libm_a-s_scalbn.o)
                0x080054e0                scalbn
 *(.glue_7)
 .glue_7        0x080055f4        0x0 linker stubs
 *(.glue_7t)
 .glue_7t       0x080055f4        0x0 linker stubs
 *(.eh_frame)
 .eh_frame      0x080055f4        0x0 /opt/MatrixMCU/arm-gnu-toolchain-13.2.Rel1-x86_64-arm-none-eabi/bin/../lib/gcc/arm-none-eabi/13.2.1/thumb/v7e-m+fp/hard/crtbegin.o
 *(.init)
 .init          0x080055f4        0x4 /opt/MatrixMCU/arm-gnu-toolchain-13.2.Rel1-x86_64-arm-none-eabi/bin/../lib/gcc/arm-none-eabi/13.2.1/thumb/v7e-m+fp/hard/crti.o
                0x080055f4                _init
 .init          0x080055f8        0x8 /opt/MatrixMCU/arm-gnu-toolchain-13.2.Rel1-x86_64-arm-none-eabi/bin/../lib/gcc/arm-none-eabi/13.2.1/thumb/v7e-m+fp/hard/crtn.o
 *(.fini)
 .fini          0x08005600        0x4 /opt/MatrixMCU/arm-gnu-toolchain-13.2.Rel1-x86_64-arm-none-eabi/bin/../lib/gcc/arm-none-eabi/13.2.1/thumb/v7e-m+fp/hard/crti.o
                0x08005600                _fini
 .fini          0x08005604        0x8 /opt/MatrixMCU/arm-gnu-toolchain-13.2.Rel1-x86_64-arm-none-eabi/bin/../lib/gcc/arm-none-eabi/13.2.1/thumb/v7e-m+fp/hard/crtn.o
                0x0800560c                        . = ALIGN (0x4)
                0x0800560c                        _etext = .

.vfp11_veneer   0x0800560c        0x0
 .vfp11_veneer  0x0800560c        0x0 linker stubs

.v4_bx          0x0800560c        0x0
 .v4_bx         0x0800560c        0x0 linker stubs

.iplt           0x0800560c        0x0
 .iplt          0x0800560c        0x0 /opt/MatrixMCU/arm-gnu-toolchain-13.2.Rel1-x86_64-arm-none-eabi/bin/../lib/gcc/arm-none-eabi/13.2.1/thumb/v7e-m+fp/hard/crtbegin.o

.rodata         0x08005610     0x3610
                0x08005610                        . = ALIGN (0x4)
 *(.rodata)
 .rodata        0x08005610       0x3b CMakeFiles/main.dir/port/stm32f4/src/interr.c.obj
 *fill*         0x0800564b        0x1 
 .rodata        0x0800564c     0x3004 libproject.a(adc_data_stored.c.obj)
                0x0800564c                ADC_STORED_ACC_X
                0x0800664c                ADC_STORED_ACC_Y
                0x0800764c                ADC_STORED_ACC_Z
 .rodata        0x08008650      0x1f5 libproject.a(fsm_har_system.c.obj)
 *fill*         0x08008845        0x3 
 .rodata        0x08008848      0x378 libproject.a(knn_har_model.c.obj)
                0x08008848                har_clusters_centroids
 .rodata        0x08008bc0       0x18 libproject.a(port_system.c.obj)
                0x08008bc0                AHBPrescTable
                0x08008bd0                APBPrescTable
 *(.rodata*)
 .rodata._vfprintf_r.str1.1
                0x08008bd8       0x33 /opt/MatrixMCU/arm-gnu-toolchain-13.2.Rel1-x86_64-arm-none-eabi/bin/../lib/gcc/arm-none-eabi/13.2.1/../../../../arm-none-eabi/lib/thumb/v7e-m+fp/hard/libg_nano.a(libc_a-nano-vfprintf.o)
                                 0x11 (size before relaxing)
 .rodata._printf_i.str1.1
                0x08008c0b       0x22 /opt/MatrixMCU/arm-gnu-toolchain-13.2.Rel1-x86_64-arm-none-eabi/bin/../lib/gcc/arm-none-eabi/13.2.1/../../../../arm-none-eabi/lib/thumb/v7e-m+fp/hard/libg_nano.a(libc_a-nano-vfprintf_i.o)
 *fill*         0x08008c0b        0x5 
 .rodata.tiny   0x08008c10        0x8 /opt/MatrixMCU/arm-gnu-toolchain-13.2.Rel1-x86_64-arm-none-eabi/bin/../lib/gcc/arm-none-eabi/13.2.1/../../../../arm-none-eabi/lib/thumb/v7e-m+fp/hard/libm.a(libm_a-e_sqrt.o)
 .rodata.one    0x08008c18        0x8 /opt/MatrixMCU/arm-gnu-toolchain-13.2.Rel1-x86_64-arm-none-eabi/bin/../lib/gcc/arm-none-eabi/13.2.1/../../../../arm-none-eabi/lib/thumb/v7e-m+fp/hard/libm.a(libm_a-e_sqrt.o)
                0x08008c20                        . = ALIGN (0x4)

.ARM.extab
 *(.ARM.extab* .gnu.linkonce.armextab.*)

.ARM            0x08008c20        0x8
                0x08008c20                        __exidx_start = .
 *(.ARM.exidx*)
 .ARM.exidx     0x08008c20        0x8 /opt/MatrixMCU/arm-gnu-toolchain-13.2.Rel1-x86_64-arm-none-eabi/bin/../lib/gcc/arm-none-eabi/13.2.1/../../../../arm-none-eabi/lib/thumb/v7e-m+fp/hard/libg_nano.a(libc_a-memchr.o)
 .ARM.exidx     0x08008c28        0x0 /opt/MatrixMCU/arm-gnu-toolchain-13.2.Rel1-x86_64-arm-none-eabi/bin/../lib/gcc/arm-none-eabi/13.2.1/../../../../arm-none-eabi/lib/thumb/v7e-m+fp/hard/libg_nano.a(libc_a-strlen.o)
                                  0x8 (size before relaxing)
                0x08008c28                        __exidx_end = .

.rel.dyn        0x08008c28        0x0
 .rel.iplt      0x08008c28        0x0 /opt/MatrixMCU/arm-gnu-toolchain-13.2.Rel1-x86_64-arm-none-eabi/bin/../lib/gcc/arm-none-eabi/13.2.1/thumb/v7e-m+fp/hard/crtbegin.o

.preinit_array  0x08008c28        0x0
                0x08008c28                        PROVIDE (__preinit_array_start = .)
 *(.preinit_array*)
                0x08008c28                        PROVIDE (__preinit_array_end = .)

.init_array     0x08008c28        0x4
                0x08008c28                        PROVIDE (__init_array_start = .)
 *(SORT_BY_NAME(.init_array.*))
 *(.init_array*)
 .init_array    0x08008c28        0x4 /opt/MatrixMCU/arm-gnu-toolchain-13.2.Rel1-x86_64-arm-none-eabi/bin/../lib/gcc/arm-none-eabi/13.2.1/thumb/v7e-m+fp/hard/crtbegin.o
                0x08008c2c                        PROVIDE (__init_array_end = .)

.fini_array     0x08008c2c        0x4
                [!provide]                        PROVIDE (__fini_array_start = .)
 *(SORT_BY_NAME(.fini_array.*))
 *(.fini_array*)
 .fini_array    0x08008c2c        0x4 /opt/MatrixMCU/arm-gnu-toolchain-13.2.Rel1-x86_64-arm-none-eabi/bin/../lib/gcc/arm-none-eabi/13.2.1/thumb/v7e-m+fp/hard/crtbegin.o
                [!provide]                        PROVIDE (__fini_array_end = .)
                0x08008c30                        _sidata = LOADADDR (.data)

.data           0x20000000      0x128 load address 0x08008c30
                0x20000000                        . = ALIGN (0x4)
                0x20000000                        _sdata = .
 *(.data)
 .data          0x20000000       0x50 libproject.a(fsm_har_system.c.obj)
                0x20000000                fsm_trans_har_system
 .data          0x20000050       0x28 libproject.a(knn_har_model.c.obj)
                0x20000050                har_activities
                0x20000064                har_activity_labels
 .data          0x20000078       0x50 libproject.a(port_har_sensor.c.obj)
                0x20000078                har_sensor
 .data          0x200000c8        0x4 libproject.a(port_system.c.obj)
                0x200000c8                SystemCoreClock
 *(.data*)
 .data.__sglue  0x200000cc        0xc /opt/MatrixMCU/arm-gnu-toolchain-13.2.Rel1-x86_64-arm-none-eabi/bin/../lib/gcc/arm-none-eabi/13.2.1/../../../../arm-none-eabi/lib/thumb/v7e-m+fp/hard/libc_nano.a(libc_a-findfp.o)
                0x200000cc                __sglue
 .data._impure_ptr
                0x200000d8        0x4 /opt/MatrixMCU/arm-gnu-toolchain-13.2.Rel1-x86_64-arm-none-eabi/bin/../lib/gcc/arm-none-eabi/13.2.1/../../../../arm-none-eabi/lib/thumb/v7e-m+fp/hard/libc_nano.a(libc_a-impure.o)
                0x200000d8                _impure_ptr
 .data._impure_data
                0x200000dc       0x4c /opt/MatrixMCU/arm-gnu-toolchain-13.2.Rel1-x86_64-arm-none-eabi/bin/../lib/gcc/arm-none-eabi/13.2.1/../../../../arm-none-eabi/lib/thumb/v7e-m+fp/hard/libc_nano.a(libc_a-impure.o)
                0x200000dc                _impure_data
                0x20000128                        . = ALIGN (0x4)
                0x20000128                        _edata = .

.tm_clone_table
                0x20000128        0x0 load address 0x08008d58
 .tm_clone_table
                0x20000128        0x0 /opt/MatrixMCU/arm-gnu-toolchain-13.2.Rel1-x86_64-arm-none-eabi/bin/../lib/gcc/arm-none-eabi/13.2.1/thumb/v7e-m+fp/hard/crtbegin.o
 .tm_clone_table
                0x20000128        0x0 /opt/MatrixMCU/arm-gnu-toolchain-13.2.Rel1-x86_64-arm-none-eabi/bin/../lib/gcc/arm-none-eabi/13.2.1/thumb/v7e-m+fp/hard/crtend.o

.igot.plt       0x20000128        0x0 load address 0x08008d58
 .igot.plt      0x20000128        0x0 /opt/MatrixMCU/arm-gnu-toolchain-13.2.Rel1-x86_64-arm-none-eabi/bin/../lib/gcc/arm-none-eabi/13.2.1/thumb/v7e-m+fp/hard/crtbegin.o
                0x20000128                        . = ALIGN (0x4)

.bss            0x20000128      0x180 load address 0x08008d58
                0x20000128                        _sbss = .
                0x20000128                        __bss_start__ = _sbss
 *(.bss)
 .bss           0x20000128        0x7 CMakeFiles/main.dir/port/stm32f4/src/interr.c.obj
 *fill*         0x2000012f        0x1 
 .bss           0x20000130        0x4 libproject.a(fsm_har_system.c.obj)
 .bss           0x20000134        0x4 libproject.a(port_system.c.obj)
 .bss           0x20000138        0x8 libproject.a(syscalls.c.obj)
                0x20000138                __env
 *(.bss*)
 .bss.completed.1
                0x20000140        0x1 /opt/MatrixMCU/arm-gnu-toolchain-13.2.Rel1-x86_64-arm-none-eabi/bin/../lib/gcc/arm-none-eabi/13.2.1/thumb/v7e-m+fp/hard/crtbegin.o
 *fill*         0x20000141        0x3 
 .bss.object.0  0x20000144       0x18 /opt/MatrixMCU/arm-gnu-toolchain-13.2.Rel1-x86_64-arm-none-eabi/bin/../lib/gcc/arm-none-eabi/13.2.1/thumb/v7e-m+fp/hard/crtbegin.o
 .bss.__sf      0x2000015c      0x138 /opt/MatrixMCU/arm-gnu-toolchain-13.2.Rel1-x86_64-arm-none-eabi/bin/../lib/gcc/arm-none-eabi/13.2.1/../../../../arm-none-eabi/lib/thumb/v7e-m+fp/hard/libc_nano.a(libc_a-findfp.o)
                0x2000015c                __sf
 .bss.__stdio_exit_handler
                0x20000294        0x4 /opt/MatrixMCU/arm-gnu-toolchain-13.2.Rel1-x86_64-arm-none-eabi/bin/../lib/gcc/arm-none-eabi/13.2.1/../../../../arm-none-eabi/lib/thumb/v7e-m+fp/hard/libc_nano.a(libc_a-findfp.o)
                0x20000294                __stdio_exit_handler
 .bss.__lock___malloc_recursive_mutex
                0x20000298        0x1 /opt/MatrixMCU/arm-gnu-toolchain-13.2.Rel1-x86_64-arm-none-eabi/bin/../lib/gcc/arm-none-eabi/13.2.1/../../../../arm-none-eabi/lib/thumb/v7e-m+fp/hard/libc_nano.a(libc_a-lock.o)
                0x20000298                __lock___malloc_recursive_mutex
 .bss.__lock___sfp_recursive_mutex
                0x20000299        0x1 /opt/MatrixMCU/arm-gnu-toolchain-13.2.Rel1-x86_64-arm-none-eabi/bin/../lib/gcc/arm-none-eabi/13.2.1/../../../../arm-none-eabi/lib/thumb/v7e-m+fp/hard/libc_nano.a(libc_a-lock.o)
                0x20000299                __lock___sfp_recursive_mutex
 *fill*         0x2000029a        0x2 
 .bss.errno     0x2000029c        0x4 /opt/MatrixMCU/arm-gnu-toolchain-13.2.Rel1-x86_64-arm-none-eabi/bin/../lib/gcc/arm-none-eabi/13.2.1/../../../../arm-none-eabi/lib/thumb/v7e-m+fp/hard/libc_nano.a(libc_a-reent.o)
                0x2000029c                errno
 .bss.__malloc_sbrk_start
                0x200002a0        0x4 /opt/MatrixMCU/arm-gnu-toolchain-13.2.Rel1-x86_64-arm-none-eabi/bin/../lib/gcc/arm-none-eabi/13.2.1/../../../../arm-none-eabi/lib/thumb/v7e-m+fp/hard/libc_nano.a(libc_a-mallocr.o)
                0x200002a0                __malloc_sbrk_start
 .bss.__malloc_free_list
                0x200002a4        0x4 /opt/MatrixMCU/arm-gnu-toolchain-13.2.Rel1-x86_64-arm-none-eabi/bin/../lib/gcc/arm-none-eabi/13.2.1/../../../../arm-none-eabi/lib/thumb/v7e-m+fp/hard/libc_nano.a(libc_a-mallocr.o)
                0x200002a4                __malloc_free_list
 *(COMMON)
                0x200002a8                        . = ALIGN (0x4)
                0x200002a8                        _ebss = .
                0x200002a8                        __bss_end__ = _ebss

._user_heap_stack
                0x200002a8      0x600 load address 0x08008d58
                0x200002a8                        . = ALIGN (0x8)
                0x200002a8                        PROVIDE (end = .)
                [!provide]                        PROVIDE (_end = .)
                0x200004a8                        . = (. + _Min_Heap_Size)
 *fill*         0x200002a8      0x200 
                0x200008a8                        . = (. + _Min_Stack_Size)
 *fill*         0x200004a8      0x400 
                0x200008a8                        . = ALIGN (0x8)

/DISCARD/
 libc.a(*)
 libm.a(*)
 libgcc.a(*)

.ARM.attributes
                0x00000000       0x30
 *(.ARM.attributes)
 .ARM.attributes
                0x00000000       0x22 /opt/MatrixMCU/arm-gnu-toolchain-13.2.Rel1-x86_64-arm-none-eabi/bin/../lib/gcc/arm-none-eabi/13.2.1/thumb/v7e-m+fp/hard/crti.o
 .ARM.attributes
                0x00000022       0x34 /opt/MatrixMCU/arm-gnu-toolchain-13.2.Rel1-x86_64-arm-none-eabi/bin/../lib/gcc/arm-none-eabi/13.2.1/thumb/v7e-m+fp/hard/crtbegin.o
 .ARM.attributes
                0x00000056       0x34 /opt/MatrixMCU/arm-gnu-toolchain-13.2.Rel1-x86_64-arm-none-eabi/bin/../lib/gcc/arm-none-eabi/13.2.1/../../../../arm-none-eabi/lib/thumb/v7e-m+fp/hard/libc_nano.a(libc_a-init.o)
 .ARM.attributes
                0x0000008a       0x34 /opt/MatrixMCU/arm-gnu-toolchain-13.2.Rel1-x86_64-arm-none-eabi/bin/../lib/gcc/arm-none-eabi/13.2.1/../../../../arm-none-eabi/lib/thumb/v7e-m+fp/hard/libc_nano.a(libc_a-findfp.o)
 .ARM.attributes
                0x000000be       0x34 /opt/MatrixMCU/arm-gnu-toolchain-13.2.Rel1-x86_64-arm-none-eabi/bin/../lib/gcc/arm-none-eabi/13.2.1/../../../../arm-none-eabi/lib/thumb/v7e-m+fp/hard/libc_nano.a(libc_a-stdio.o)
 .ARM.attributes
                0x000000f2       0x34 /opt/MatrixMCU/arm-gnu-toolchain-13.2.Rel1-x86_64-arm-none-eabi/bin/../lib/gcc/arm-none-eabi/13.2.1/../../../../arm-none-eabi/lib/thumb/v7e-m+fp/hard/libc_nano.a(libc_a-readr.o)
 .ARM.attributes
                0x00000126       0x34 /opt/MatrixMCU/arm-gnu-toolchain-13.2.Rel1-x86_64-arm-none-eabi/bin/../lib/gcc/arm-none-eabi/13.2.1/../../../../arm-none-eabi/lib/thumb/v7e-m+fp/hard/libc_nano.a(libc_a-writer.o)
 .ARM.attributes
                0x0000015a       0x34 /opt/MatrixMCU/arm-gnu-toolchain-13.2.Rel1-x86_64-arm-none-eabi/bin/../lib/gcc/arm-none-eabi/13.2.1/../../../../arm-none-eabi/lib/thumb/v7e-m+fp/hard/libc_nano.a(libc_a-fwalk.o)
 .ARM.attributes
                0x0000018e       0x34 /opt/MatrixMCU/arm-gnu-toolchain-13.2.Rel1-x86_64-arm-none-eabi/bin/../lib/gcc/arm-none-eabi/13.2.1/../../../../arm-none-eabi/lib/thumb/v7e-m+fp/hard/libc_nano.a(libc_a-memset.o)
 .ARM.attributes
                0x000001c2       0x34 /opt/MatrixMCU/arm-gnu-toolchain-13.2.Rel1-x86_64-arm-none-eabi/bin/../lib/gcc/arm-none-eabi/13.2.1/../../../../arm-none-eabi/lib/thumb/v7e-m+fp/hard/libc_nano.a(libc_a-lock.o)
 .ARM.attributes
                0x000001f6       0x34 /opt/MatrixMCU/arm-gnu-toolchain-13.2.Rel1-x86_64-arm-none-eabi/bin/../lib/gcc/arm-none-eabi/13.2.1/../../../../arm-none-eabi/lib/thumb/v7e-m+fp/hard/libc_nano.a(libc_a-closer.o)
 .ARM.attributes
                0x0000022a       0x34 /opt/MatrixMCU/arm-gnu-toolchain-13.2.Rel1-x86_64-arm-none-eabi/bin/../lib/gcc/arm-none-eabi/13.2.1/../../../../arm-none-eabi/lib/thumb/v7e-m+fp/hard/libc_nano.a(libc_a-reent.o)
 .ARM.attributes
                0x0000025e       0x34 /opt/MatrixMCU/arm-gnu-toolchain-13.2.Rel1-x86_64-arm-none-eabi/bin/../lib/gcc/arm-none-eabi/13.2.1/../../../../arm-none-eabi/lib/thumb/v7e-m+fp/hard/libc_nano.a(libc_a-impure.o)
 .ARM.attributes
                0x00000292       0x34 /opt/MatrixMCU/arm-gnu-toolchain-13.2.Rel1-x86_64-arm-none-eabi/bin/../lib/gcc/arm-none-eabi/13.2.1/../../../../arm-none-eabi/lib/thumb/v7e-m+fp/hard/libc_nano.a(libc_a-fflush.o)
 .ARM.attributes
                0x000002c6       0x34 /opt/MatrixMCU/arm-gnu-toolchain-13.2.Rel1-x86_64-arm-none-eabi/bin/../lib/gcc/arm-none-eabi/13.2.1/../../../../arm-none-eabi/lib/thumb/v7e-m+fp/hard/libc_nano.a(libc_a-mallocr.o)
 .ARM.attributes
                0x000002fa       0x34 /opt/MatrixMCU/arm-gnu-toolchain-13.2.Rel1-x86_64-arm-none-eabi/bin/../lib/gcc/arm-none-eabi/13.2.1/../../../../arm-none-eabi/lib/thumb/v7e-m+fp/hard/libc_nano.a(libc_a-lseekr.o)
 .ARM.attributes
                0x0000032e       0x34 /opt/MatrixMCU/arm-gnu-toolchain-13.2.Rel1-x86_64-arm-none-eabi/bin/../lib/gcc/arm-none-eabi/13.2.1/../../../../arm-none-eabi/lib/thumb/v7e-m+fp/hard/libc_nano.a(libc_a-mlock.o)
 .ARM.attributes
                0x00000362       0x34 /opt/MatrixMCU/arm-gnu-toolchain-13.2.Rel1-x86_64-arm-none-eabi/bin/../lib/gcc/arm-none-eabi/13.2.1/../../../../arm-none-eabi/lib/thumb/v7e-m+fp/hard/libc_nano.a(libc_a-sbrkr.o)
 .ARM.attributes
                0x00000396       0x34 /opt/MatrixMCU/arm-gnu-toolchain-13.2.Rel1-x86_64-arm-none-eabi/bin/../lib/gcc/arm-none-eabi/13.2.1/../../../../arm-none-eabi/lib/thumb/v7e-m+fp/hard/libc_nano.a(libc_a-freer.o)
 .ARM.attributes
                0x000003ca       0x34 CMakeFiles/main.dir/main.c.obj
 .ARM.attributes
                0x000003fe       0x34 CMakeFiles/main.dir/port/stm32f4/src/interr.c.obj
 .ARM.attributes
                0x00000432       0x21 libplatform.a(startup_stm32f446xx.s.obj)
 .ARM.attributes
                0x00000453       0x34 libproject.a(adc_data_stored.c.obj)
 .ARM.attributes
                0x00000487       0x34 libproject.a(fsm_har_system.c.obj)
 .ARM.attributes
                0x000004bb       0x34 libproject.a(knn_har_model.c.obj)
 .ARM.attributes
                0x000004ef       0x34 libproject.a(port_har_sensor.c.obj)
 .ARM.attributes
                0x00000523       0x34 libproject.a(port_har_system.c.obj)
 .ARM.attributes
                0x00000557       0x34 libproject.a(port_system.c.obj)
 .ARM.attributes
                0x0000058b       0x34 libproject.a(syscalls.c.obj)
 .ARM.attributes
                0x000005bf       0x34 libfsm.a(fsm.c.obj)
 .ARM.attributes
                0x000005f3       0x22 /opt/MatrixMCU/arm-gnu-toolchain-13.2.Rel1-x86_64-arm-none-eabi/bin/../lib/gcc/arm-none-eabi/13.2.1/thumb/v7e-m+fp/hard/libgcc.a(_arm_addsubdf3.o)
 .ARM.attributes
                0x00000615       0x22 /opt/MatrixMCU/arm-gnu-toolchain-13.2.Rel1-x86_64-arm-none-eabi/bin/../lib/gcc/arm-none-eabi/13.2.1/thumb/v7e-m+fp/hard/libgcc.a(_arm_muldivdf3.o)
 .ARM.attributes
                0x00000637       0x22 /opt/MatrixMCU/arm-gnu-toolchain-13.2.Rel1-x86_64-arm-none-eabi/bin/../lib/gcc/arm-none-eabi/13.2.1/thumb/v7e-m+fp/hard/libgcc.a(_arm_cmpdf2.o)
 .ARM.attributes
                0x00000659       0x22 /opt/MatrixMCU/arm-gnu-toolchain-13.2.Rel1-x86_64-arm-none-eabi/bin/../lib/gcc/arm-none-eabi/13.2.1/thumb/v7e-m+fp/hard/libgcc.a(_arm_fixunsdfsi.o)
 .ARM.attributes
                0x0000067b       0x34 /opt/MatrixMCU/arm-gnu-toolchain-13.2.Rel1-x86_64-arm-none-eabi/bin/../lib/gcc/arm-none-eabi/13.2.1/../../../../arm-none-eabi/lib/thumb/v7e-m+fp/hard/libg_nano.a(libc_a-strcpy.o)
 .ARM.attributes
                0x000006af       0x34 /opt/MatrixMCU/arm-gnu-toolchain-13.2.Rel1-x86_64-arm-none-eabi/bin/../lib/gcc/arm-none-eabi/13.2.1/../../../../arm-none-eabi/lib/thumb/v7e-m+fp/hard/libg_nano.a(libc_a-printf.o)
 .ARM.attributes
                0x000006e3       0x34 /opt/MatrixMCU/arm-gnu-toolchain-13.2.Rel1-x86_64-arm-none-eabi/bin/../lib/gcc/arm-none-eabi/13.2.1/../../../../arm-none-eabi/lib/thumb/v7e-m+fp/hard/libg_nano.a(libc_a-nano-vfprintf.o)
 .ARM.attributes
                0x00000717       0x34 /opt/MatrixMCU/arm-gnu-toolchain-13.2.Rel1-x86_64-arm-none-eabi/bin/../lib/gcc/arm-none-eabi/13.2.1/../../../../arm-none-eabi/lib/thumb/v7e-m+fp/hard/libg_nano.a(libc_a-wbuf.o)
 .ARM.attributes
                0x0000074b       0x34 /opt/MatrixMCU/arm-gnu-toolchain-13.2.Rel1-x86_64-arm-none-eabi/bin/../lib/gcc/arm-none-eabi/13.2.1/../../../../arm-none-eabi/lib/thumb/v7e-m+fp/hard/libg_nano.a(libc_a-wsetup.o)
 .ARM.attributes
                0x0000077f       0x34 /opt/MatrixMCU/arm-gnu-toolchain-13.2.Rel1-x86_64-arm-none-eabi/bin/../lib/gcc/arm-none-eabi/13.2.1/../../../../arm-none-eabi/lib/thumb/v7e-m+fp/hard/libg_nano.a(libc_a-nano-vfprintf_i.o)
 .ARM.attributes
                0x000007b3       0x1c /opt/MatrixMCU/arm-gnu-toolchain-13.2.Rel1-x86_64-arm-none-eabi/bin/../lib/gcc/arm-none-eabi/13.2.1/../../../../arm-none-eabi/lib/thumb/v7e-m+fp/hard/libg_nano.a(libc_a-memchr.o)
 .ARM.attributes
                0x000007cf       0x34 /opt/MatrixMCU/arm-gnu-toolchain-13.2.Rel1-x86_64-arm-none-eabi/bin/../lib/gcc/arm-none-eabi/13.2.1/../../../../arm-none-eabi/lib/thumb/v7e-m+fp/hard/libg_nano.a(libc_a-memcpy-stub.o)
 .ARM.attributes
                0x00000803       0x34 /opt/MatrixMCU/arm-gnu-toolchain-13.2.Rel1-x86_64-arm-none-eabi/bin/../lib/gcc/arm-none-eabi/13.2.1/../../../../arm-none-eabi/lib/thumb/v7e-m+fp/hard/libg_nano.a(libc_a-malloc.o)
 .ARM.attributes
                0x00000837       0x17 /opt/MatrixMCU/arm-gnu-toolchain-13.2.Rel1-x86_64-arm-none-eabi/bin/../lib/gcc/arm-none-eabi/13.2.1/../../../../arm-none-eabi/lib/thumb/v7e-m+fp/hard/libg_nano.a(libc_a-strlen.o)
 .ARM.attributes
                0x0000084e       0x34 /opt/MatrixMCU/arm-gnu-toolchain-13.2.Rel1-x86_64-arm-none-eabi/bin/../lib/gcc/arm-none-eabi/13.2.1/../../../../arm-none-eabi/lib/thumb/v7e-m+fp/hard/libg_nano.a(libc_a-qsort.o)
 .ARM.attributes
                0x00000882       0x34 /opt/MatrixMCU/arm-gnu-toolchain-13.2.Rel1-x86_64-arm-none-eabi/bin/../lib/gcc/arm-none-eabi/13.2.1/../../../../arm-none-eabi/lib/thumb/v7e-m+fp/hard/libg_nano.a(libc_a-makebuf.o)
 .ARM.attributes
                0x000008b6       0x34 /opt/MatrixMCU/arm-gnu-toolchain-13.2.Rel1-x86_64-arm-none-eabi/bin/../lib/gcc/arm-none-eabi/13.2.1/../../../../arm-none-eabi/lib/thumb/v7e-m+fp/hard/libg_nano.a(libc_a-fstatr.o)
 .ARM.attributes
                0x000008ea       0x34 /opt/MatrixMCU/arm-gnu-toolchain-13.2.Rel1-x86_64-arm-none-eabi/bin/../lib/gcc/arm-none-eabi/13.2.1/../../../../arm-none-eabi/lib/thumb/v7e-m+fp/hard/libg_nano.a(libc_a-isattyr.o)
 .ARM.attributes
                0x0000091e       0x34 /opt/MatrixMCU/arm-gnu-toolchain-13.2.Rel1-x86_64-arm-none-eabi/bin/../lib/gcc/arm-none-eabi/13.2.1/thumb/v7e-m+fp/hard/crtend.o
 .ARM.attributes
                0x00000952       0x22 /opt/MatrixMCU/arm-gnu-toolchain-13.2.Rel1-x86_64-arm-none-eabi/bin/../lib/gcc/arm-none-eabi/13.2.1/thumb/v7e-m+fp/hard/crtn.o
OUTPUT(/home/josueportiz/entornos/iein/MatrixMCU/projects/fsm_har_private/bin/stm32f446re/Debug/main.elf elf32-littlearm)
LOAD linker stubs
LOAD /opt/MatrixMCU/arm-gnu-toolchain-13.2.Rel1-x86_64-arm-none-eabi/bin/../lib/gcc/arm-none-eabi/13.2.1/../../../../arm-none-eabi/lib/thumb/v7e-m+fp/hard/libc.a
LOAD /opt/MatrixMCU/arm-gnu-toolchain-13.2.Rel1-x86_64-arm-none-eabi/bin/../lib/gcc/arm-none-eabi/13.2.1/../../../../arm-none-eabi/lib/thumb/v7e-m+fp/hard/libm.a
LOAD /opt/MatrixMCU/arm-gnu-toolchain-13.2.Rel1-x86_64-arm-none-eabi/bin/../lib/gcc/arm-none-eabi/13.2.1/thumb/v7e-m+fp/hard/libgcc.a

.debug_frame    0x00000000     0x17e8
 .debug_frame   0x00000000       0x2c /opt/MatrixMCU/arm-gnu-toolchain-13.2.Rel1-x86_64-arm-none-eabi/bin/../lib/gcc/arm-none-eabi/13.2.1/../../../../arm-none-eabi/lib/thumb/v7e-m+fp/hard/libc_nano.a(libc_a-init.o)
 .debug_frame   0x0000002c      0x144 /opt/MatrixMCU/arm-gnu-toolchain-13.2.Rel1-x86_64-arm-none-eabi/bin/../lib/gcc/arm-none-eabi/13.2.1/../../../../arm-none-eabi/lib/thumb/v7e-m+fp/hard/libc_nano.a(libc_a-findfp.o)
 .debug_frame   0x00000170       0x88 /opt/MatrixMCU/arm-gnu-toolchain-13.2.Rel1-x86_64-arm-none-eabi/bin/../lib/gcc/arm-none-eabi/13.2.1/../../../../arm-none-eabi/lib/thumb/v7e-m+fp/hard/libc_nano.a(libc_a-stdio.o)
 .debug_frame   0x000001f8       0x2c /opt/MatrixMCU/arm-gnu-toolchain-13.2.Rel1-x86_64-arm-none-eabi/bin/../lib/gcc/arm-none-eabi/13.2.1/../../../../arm-none-eabi/lib/thumb/v7e-m+fp/hard/libc_nano.a(libc_a-readr.o)
 .debug_frame   0x00000224       0x2c /opt/MatrixMCU/arm-gnu-toolchain-13.2.Rel1-x86_64-arm-none-eabi/bin/../lib/gcc/arm-none-eabi/13.2.1/../../../../arm-none-eabi/lib/thumb/v7e-m+fp/hard/libc_nano.a(libc_a-writer.o)
 .debug_frame   0x00000250       0x34 /opt/MatrixMCU/arm-gnu-toolchain-13.2.Rel1-x86_64-arm-none-eabi/bin/../lib/gcc/arm-none-eabi/13.2.1/../../../../arm-none-eabi/lib/thumb/v7e-m+fp/hard/libc_nano.a(libc_a-fwalk.o)
 .debug_frame   0x00000284       0x20 /opt/MatrixMCU/arm-gnu-toolchain-13.2.Rel1-x86_64-arm-none-eabi/bin/../lib/gcc/arm-none-eabi/13.2.1/../../../../arm-none-eabi/lib/thumb/v7e-m+fp/hard/libc_nano.a(libc_a-memset.o)
 .debug_frame   0x000002a4       0xb0 /opt/MatrixMCU/arm-gnu-toolchain-13.2.Rel1-x86_64-arm-none-eabi/bin/../lib/gcc/arm-none-eabi/13.2.1/../../../../arm-none-eabi/lib/thumb/v7e-m+fp/hard/libc_nano.a(libc_a-lock.o)
 .debug_frame   0x00000354       0x2c /opt/MatrixMCU/arm-gnu-toolchain-13.2.Rel1-x86_64-arm-none-eabi/bin/../lib/gcc/arm-none-eabi/13.2.1/../../../../arm-none-eabi/lib/thumb/v7e-m+fp/hard/libc_nano.a(libc_a-closer.o)
 .debug_frame   0x00000380       0x38 /opt/MatrixMCU/arm-gnu-toolchain-13.2.Rel1-x86_64-arm-none-eabi/bin/../lib/gcc/arm-none-eabi/13.2.1/../../../../arm-none-eabi/lib/thumb/v7e-m+fp/hard/libc_nano.a(libc_a-reent.o)
 .debug_frame   0x000003b8       0x5c /opt/MatrixMCU/arm-gnu-toolchain-13.2.Rel1-x86_64-arm-none-eabi/bin/../lib/gcc/arm-none-eabi/13.2.1/../../../../arm-none-eabi/lib/thumb/v7e-m+fp/hard/libc_nano.a(libc_a-fflush.o)
 .debug_frame   0x00000414       0x50 /opt/MatrixMCU/arm-gnu-toolchain-13.2.Rel1-x86_64-arm-none-eabi/bin/../lib/gcc/arm-none-eabi/13.2.1/../../../../arm-none-eabi/lib/thumb/v7e-m+fp/hard/libc_nano.a(libc_a-mallocr.o)
 .debug_frame   0x00000464       0x2c /opt/MatrixMCU/arm-gnu-toolchain-13.2.Rel1-x86_64-arm-none-eabi/bin/../lib/gcc/arm-none-eabi/13.2.1/../../../../arm-none-eabi/lib/thumb/v7e-m+fp/hard/libc_nano.a(libc_a-lseekr.o)
 .debug_frame   0x00000490       0x30 /opt/MatrixMCU/arm-gnu-toolchain-13.2.Rel1-x86_64-arm-none-eabi/bin/../lib/gcc/arm-none-eabi/13.2.1/../../../../arm-none-eabi/lib/thumb/v7e-m+fp/hard/libc_nano.a(libc_a-mlock.o)
 .debug_frame   0x000004c0       0x2c /opt/MatrixMCU/arm-gnu-toolchain-13.2.Rel1-x86_64-arm-none-eabi/bin/../lib/gcc/arm-none-eabi/13.2.1/../../../../arm-none-eabi/lib/thumb/v7e-m+fp/hard/libc_nano.a(libc_a-sbrkr.o)
 .debug_frame   0x000004ec       0x38 /opt/MatrixMCU/arm-gnu-toolchain-13.2.Rel1-x86_64-arm-none-eabi/bin/../lib/gcc/arm-none-eabi/13.2.1/../../../../arm-none-eabi/lib/thumb/v7e-m+fp/hard/libc_nano.a(libc_a-freer.o)
 .debug_frame   0x00000524       0x30 CMakeFiles/main.dir/main.c.obj
 .debug_frame   0x00000554       0x74 CMakeFiles/main.dir/port/stm32f4/src/interr.c.obj
 .debug_frame   0x000005c8      0x29c libproject.a(fsm_har_system.c.obj)
 .debug_frame   0x00000864       0xa8 libproject.a(port_har_sensor.c.obj)
 .debug_frame   0x0000090c      0x124 libproject.a(port_har_system.c.obj)
 .debug_frame   0x00000a30      0x428 libproject.a(port_system.c.obj)
 .debug_frame   0x00000e58      0x338 libproject.a(syscalls.c.obj)
 .debug_frame   0x00001190       0xf4 libfsm.a(fsm.c.obj)
 .debug_frame   0x00001284       0xac /opt/MatrixMCU/arm-gnu-toolchain-13.2.Rel1-x86_64-arm-none-eabi/bin/../lib/gcc/arm-none-eabi/13.2.1/thumb/v7e-m+fp/hard/libgcc.a(_arm_addsubdf3.o)
 .debug_frame   0x00001330       0x50 /opt/MatrixMCU/arm-gnu-toolchain-13.2.Rel1-x86_64-arm-none-eabi/bin/../lib/gcc/arm-none-eabi/13.2.1/thumb/v7e-m+fp/hard/libgcc.a(_arm_muldivdf3.o)
 .debug_frame   0x00001380       0xc4 /opt/MatrixMCU/arm-gnu-toolchain-13.2.Rel1-x86_64-arm-none-eabi/bin/../lib/gcc/arm-none-eabi/13.2.1/thumb/v7e-m+fp/hard/libgcc.a(_arm_cmpdf2.o)
 .debug_frame   0x00001444       0x24 /opt/MatrixMCU/arm-gnu-toolchain-13.2.Rel1-x86_64-arm-none-eabi/bin/../lib/gcc/arm-none-eabi/13.2.1/thumb/v7e-m+fp/hard/libgcc.a(_arm_fixunsdfsi.o)
 .debug_frame   0x00001468       0x20 /opt/MatrixMCU/arm-gnu-toolchain-13.2.Rel1-x86_64-arm-none-eabi/bin/../lib/gcc/arm-none-eabi/13.2.1/../../../../arm-none-eabi/lib/thumb/v7e-m+fp/hard/libg_nano.a(libc_a-strcpy.o)
 .debug_frame   0x00001488       0x6c /opt/MatrixMCU/arm-gnu-toolchain-13.2.Rel1-x86_64-arm-none-eabi/bin/../lib/gcc/arm-none-eabi/13.2.1/../../../../arm-none-eabi/lib/thumb/v7e-m+fp/hard/libg_nano.a(libc_a-printf.o)
 .debug_frame   0x000014f4       0xa8 /opt/MatrixMCU/arm-gnu-toolchain-13.2.Rel1-x86_64-arm-none-eabi/bin/../lib/gcc/arm-none-eabi/13.2.1/../../../../arm-none-eabi/lib/thumb/v7e-m+fp/hard/libg_nano.a(libc_a-nano-vfprintf.o)
 .debug_frame   0x0000159c       0x40 /opt/MatrixMCU/arm-gnu-toolchain-13.2.Rel1-x86_64-arm-none-eabi/bin/../lib/gcc/arm-none-eabi/13.2.1/../../../../arm-none-eabi/lib/thumb/v7e-m+fp/hard/libg_nano.a(libc_a-wbuf.o)
 .debug_frame   0x000015dc       0x2c /opt/MatrixMCU/arm-gnu-toolchain-13.2.Rel1-x86_64-arm-none-eabi/bin/../lib/gcc/arm-none-eabi/13.2.1/../../../../arm-none-eabi/lib/thumb/v7e-m+fp/hard/libg_nano.a(libc_a-wsetup.o)
 .debug_frame   0x00001608       0x60 /opt/MatrixMCU/arm-gnu-toolchain-13.2.Rel1-x86_64-arm-none-eabi/bin/../lib/gcc/arm-none-eabi/13.2.1/../../../../arm-none-eabi/lib/thumb/v7e-m+fp/hard/libg_nano.a(libc_a-nano-vfprintf_i.o)
 .debug_frame   0x00001668       0x28 /opt/MatrixMCU/arm-gnu-toolchain-13.2.Rel1-x86_64-arm-none-eabi/bin/../lib/gcc/arm-none-eabi/13.2.1/../../../../arm-none-eabi/lib/thumb/v7e-m+fp/hard/libg_nano.a(libc_a-memcpy-stub.o)
 .debug_frame   0x00001690       0x30 /opt/MatrixMCU/arm-gnu-toolchain-13.2.Rel1-x86_64-arm-none-eabi/bin/../lib/gcc/arm-none-eabi/13.2.1/../../../../arm-none-eabi/lib/thumb/v7e-m+fp/hard/libg_nano.a(libc_a-malloc.o)
 .debug_frame   0x000016c0       0x78 /opt/MatrixMCU/arm-gnu-toolchain-13.2.Rel1-x86_64-arm-none-eabi/bin/../lib/gcc/arm-none-eabi/13.2.1/../../../../arm-none-eabi/lib/thumb/v7e-m+fp/hard/libg_nano.a(libc_a-qsort.o)
 .debug_frame   0x00001738       0x58 /opt/MatrixMCU/arm-gnu-toolchain-13.2.Rel1-x86_64-arm-none-eabi/bin/../lib/gcc/arm-none-eabi/13.2.1/../../../../arm-none-eabi/lib/thumb/v7e-m+fp/hard/libg_nano.a(libc_a-makebuf.o)
 .debug_frame   0x00001790       0x2c /opt/MatrixMCU/arm-gnu-toolchain-13.2.Rel1-x86_64-arm-none-eabi/bin/../lib/gcc/arm-none-eabi/13.2.1/../../../../arm-none-eabi/lib/thumb/v7e-m+fp/hard/libg_nano.a(libc_a-fstatr.o)
 .debug_frame   0x000017bc       0x2c /opt/MatrixMCU/arm-gnu-toolchain-13.2.Rel1-x86_64-arm-none-eabi/bin/../lib/gcc/arm-none-eabi/13.2.1/../../../../arm-none-eabi/lib/thumb/v7e-m+fp/hard/libg_nano.a(libc_a-isattyr.o)

.debug_info     0x00000000     0x4773
 .debug_info    0x00000000      0x44d CMakeFiles/main.dir/main.c.obj
 .debug_info    0x0000044d      0x542 CMakeFiles/main.dir/port/stm32f4/src/interr.c.obj
 .debug_info    0x0000098f       0x30 libplatform.a(startup_stm32f446xx.s.obj)
 .debug_info    0x000009bf      0x11a libproject.a(adc_data_stored.c.obj)
 .debug_info    0x00000ad9      0xe24 libproject.a(fsm_har_system.c.obj)
 .debug_info    0x000018fd      0x126 libproject.a(knn_har_model.c.obj)
 .debug_info    0x00001a23      0x457 libproject.a(port_har_sensor.c.obj)
 .debug_info    0x00001e7a      0xb1e libproject.a(port_har_system.c.obj)
 .debug_info    0x00002998     0x11cd libproject.a(port_system.c.obj)
 .debug_info    0x00003b65      0x983 libproject.a(syscalls.c.obj)
 .debug_info    0x000044e8      0x28b libfsm.a(fsm.c.obj)

.debug_abbrev   0x00000000     0x12b9
 .debug_abbrev  0x00000000      0x17d CMakeFiles/main.dir/main.c.obj
 .debug_abbrev  0x0000017d      0x19e CMakeFiles/main.dir/port/stm32f4/src/interr.c.obj
 .debug_abbrev  0x0000031b       0x24 libplatform.a(startup_stm32f446xx.s.obj)
 .debug_abbrev  0x0000033f       0x7b libproject.a(adc_data_stored.c.obj)
 .debug_abbrev  0x000003ba      0x36b libproject.a(fsm_har_system.c.obj)
 .debug_abbrev  0x00000725       0x8e libproject.a(knn_har_model.c.obj)
 .debug_abbrev  0x000007b3      0x19f libproject.a(port_har_sensor.c.obj)
 .debug_abbrev  0x00000952      0x227 libproject.a(port_har_system.c.obj)
 .debug_abbrev  0x00000b79      0x380 libproject.a(port_system.c.obj)
 .debug_abbrev  0x00000ef9      0x253 libproject.a(syscalls.c.obj)
 .debug_abbrev  0x0000114c      0x16d libfsm.a(fsm.c.obj)

.debug_aranges  0x00000000      0x158
 .debug_aranges
                0x00000000       0x20 CMakeFiles/main.dir/main.c.obj
 .debug_aranges
                0x00000020       0x20 CMakeFiles/main.dir/port/stm32f4/src/interr.c.obj
 .debug_aranges
                0x00000040       0x28 libplatform.a(startup_stm32f446xx.s.obj)
 .debug_aranges
                0x00000068       0x18 libproject.a(adc_data_stored.c.obj)
 .debug_aranges
                0x00000080       0x20 libproject.a(fsm_har_system.c.obj)
 .debug_aranges
                0x000000a0       0x18 libproject.a(knn_har_model.c.obj)
 .debug_aranges
                0x000000b8       0x20 libproject.a(port_har_sensor.c.obj)
 .debug_aranges
                0x000000d8       0x20 libproject.a(port_har_system.c.obj)
 .debug_aranges
                0x000000f8       0x20 libproject.a(port_system.c.obj)
 .debug_aranges
                0x00000118       0x20 libproject.a(syscalls.c.obj)
 .debug_aranges
                0x00000138       0x20 libfsm.a(fsm.c.obj)

.debug_line     0x00000000     0x2a4e
 .debug_line    0x00000000      0x3a6 CMakeFiles/main.dir/main.c.obj
 .debug_line    0x000003a6      0x41b CMakeFiles/main.dir/port/stm32f4/src/interr.c.obj
 .debug_line    0x000007c1       0x7a libplatform.a(startup_stm32f446xx.s.obj)
 .debug_line    0x0000083b      0x1c0 libproject.a(adc_data_stored.c.obj)
 .debug_line    0x000009fb      0x98f libproject.a(fsm_har_system.c.obj)
 .debug_line    0x0000138a      0x1bc libproject.a(knn_har_model.c.obj)
 .debug_line    0x00001546      0x2c5 libproject.a(port_har_sensor.c.obj)
 .debug_line    0x0000180b      0x4a0 libproject.a(port_har_system.c.obj)
 .debug_line    0x00001cab      0x7f3 libproject.a(port_system.c.obj)
 .debug_line    0x0000249e      0x353 libproject.a(syscalls.c.obj)
 .debug_line    0x000027f1      0x25d libfsm.a(fsm.c.obj)

.debug_str      0x00000000     0x1ae1
 .debug_str     0x00000000     0x1ae1 CMakeFiles/main.dir/main.c.obj
                                0x37c (size before relaxing)
 .debug_str     0x00001ae1      0x43b CMakeFiles/main.dir/port/stm32f4/src/interr.c.obj
 .debug_str     0x00001ae1       0xf8 libplatform.a(startup_stm32f446xx.s.obj)
 .debug_str     0x00001ae1      0x20f libproject.a(adc_data_stored.c.obj)
 .debug_str     0x00001ae1      0x84f libproject.a(fsm_har_system.c.obj)
 .debug_str     0x00001ae1      0x221 libproject.a(knn_har_model.c.obj)
 .debug_str     0x00001ae1      0x405 libproject.a(port_har_sensor.c.obj)
 .debug_str     0x00001ae1      0xa95 libproject.a(port_har_system.c.obj)
 .debug_str     0x00001ae1      0xe0b libproject.a(port_system.c.obj)
 .debug_str     0x00001ae1      0x50b libproject.a(syscalls.c.obj)
 .debug_str     0x00001ae1      0x25e libfsm.a(fsm.c.obj)

.comment        0x00000000       0x44
 .comment       0x00000000       0x44 CMakeFiles/main.dir/main.c.obj
                                 0x45 (size before relaxing)
 .comment       0x00000044       0x45 CMakeFiles/main.dir/port/stm32f4/src/interr.c.obj
 .comment       0x00000044       0x45 libproject.a(adc_data_stored.c.obj)
 .comment       0x00000044       0x45 libproject.a(fsm_har_system.c.obj)
 .comment       0x00000044       0x45 libproject.a(knn_har_model.c.obj)
 .comment       0x00000044       0x45 libproject.a(port_har_sensor.c.obj)
 .comment       0x00000044       0x45 libproject.a(port_har_system.c.obj)
 .comment       0x00000044       0x45 libproject.a(port_system.c.obj)
 .comment       0x00000044       0x45 libproject.a(syscalls.c.obj)
 .comment       0x00000044       0x45 libfsm.a(fsm.c.obj)

.debug_line_str
                0x00000000      0x290
 .debug_line_str
                0x00000000      0x290 libplatform.a(startup_stm32f446xx.s.obj)
                                 0xdc (size before relaxing)
 .debug_line_str
                0x00000290       0xc7 /opt/MatrixMCU/arm-gnu-toolchain-13.2.Rel1-x86_64-arm-none-eabi/bin/../lib/gcc/arm-none-eabi/13.2.1/thumb/v7e-m+fp/hard/libgcc.a(_arm_addsubdf3.o)
 .debug_line_str
                0x00000290       0xc7 /opt/MatrixMCU/arm-gnu-toolchain-13.2.Rel1-x86_64-arm-none-eabi/bin/../lib/gcc/arm-none-eabi/13.2.1/thumb/v7e-m+fp/hard/libgcc.a(_arm_muldivdf3.o)
 .debug_line_str
                0x00000290       0xc7 /opt/MatrixMCU/arm-gnu-toolchain-13.2.Rel1-x86_64-arm-none-eabi/bin/../lib/gcc/arm-none-eabi/13.2.1/thumb/v7e-m+fp/hard/libgcc.a(_arm_cmpdf2.o)
 .debug_line_str
                0x00000290       0xc7 /opt/MatrixMCU/arm-gnu-toolchain-13.2.Rel1-x86_64-arm-none-eabi/bin/../lib/gcc/arm-none-eabi/13.2.1/thumb/v7e-m+fp/hard/libgcc.a(_arm_fixunsdfsi.o)
 .debug_line_str
                0x00000290       0xda /opt/MatrixMCU/arm-gnu-toolchain-13.2.Rel1-x86_64-arm-none-eabi/bin/../lib/gcc/arm-none-eabi/13.2.1/../../../../arm-none-eabi/lib/thumb/v7e-m+fp/hard/libg_nano.a(libc_a-memchr.o)
 .debug_line_str
                0x00000290       0xe4 /opt/MatrixMCU/arm-gnu-toolchain-13.2.Rel1-x86_64-arm-none-eabi/bin/../lib/gcc/arm-none-eabi/13.2.1/../../../../arm-none-eabi/lib/thumb/v7e-m+fp/hard/libg_nano.a(libc_a-strlen.o)

.debug_rnglists
                0x00000000       0x19
 .debug_rnglists
                0x00000000       0x19 libplatform.a(startup_stm32f446xx.s.obj)

Cross Reference Table

Symbol                                            File
ADC_IRQHandler                                    CMakeFiles/main.dir/port/stm32f4/src/interr.c.obj
ADC_STORED_ACC_X                                  libproject.a(adc_data_stored.c.obj)
                                                  CMakeFiles/main.dir/port/stm32f4/src/interr.c.obj
ADC_STORED_ACC_Y                                  libproject.a(adc_data_stored.c.obj)
                                                  CMakeFiles/main.dir/port/stm32f4/src/interr.c.obj
ADC_STORED_ACC_Z                                  libproject.a(adc_data_stored.c.obj)
                                                  CMakeFiles/main.dir/port/stm32f4/src/interr.c.obj
AHBPrescTable                                     libproject.a(port_system.c.obj)
APBPrescTable                                     libproject.a(port_system.c.obj)
BusFault_Handler                                  libplatform.a(startup_stm32f446xx.s.obj)
CAN1_RX0_IRQHandler                               libplatform.a(startup_stm32f446xx.s.obj)
CAN1_RX1_IRQHandler                               libplatform.a(startup_stm32f446xx.s.obj)
CAN1_SCE_IRQHandler                               libplatform.a(startup_stm32f446xx.s.obj)
CAN1_TX_IRQHandler                                libplatform.a(startup_stm32f446xx.s.obj)
CAN2_RX0_IRQHandler                               libplatform.a(startup_stm32f446xx.s.obj)
CAN2_RX1_IRQHandler                               libplatform.a(startup_stm32f446xx.s.obj)
CAN2_SCE_IRQHandler                               libplatform.a(startup_stm32f446xx.s.obj)
CAN2_TX_IRQHandler                                libplatform.a(startup_stm32f446xx.s.obj)
CEC_IRQHandler                                    libplatform.a(startup_stm32f446xx.s.obj)
DCMI_IRQHandler                                   libplatform.a(startup_stm32f446xx.s.obj)
DMA1_Stream0_IRQHandler                           libplatform.a(startup_stm32f446xx.s.obj)
DMA1_Stream1_IRQHandler                           libplatform.a(startup_stm32f446xx.s.obj)
DMA1_Stream2_IRQHandler                           libplatform.a(startup_stm32f446xx.s.obj)
DMA1_Stream3_IRQHandler                           libplatform.a(startup_stm32f446xx.s.obj)
DMA1_Stream4_IRQHandler                           libplatform.a(startup_stm32f446xx.s.obj)
DMA1_Stream5_IRQHandler                           libplatform.a(startup_stm32f446xx.s.obj)
DMA1_Stream6_IRQHandler                           libplatform.a(startup_stm32f446xx.s.obj)
DMA1_Stream7_IRQHandler                           libplatform.a(startup_stm32f446xx.s.obj)
DMA2_Stream0_IRQHandler                           libplatform.a(startup_stm32f446xx.s.obj)
DMA2_Stream1_IRQHandler                           libplatform.a(startup_stm32f446xx.s.obj)
DMA2_Stream2_IRQHandler                           libplatform.a(startup_stm32f446xx.s.obj)
DMA2_Stream3_IRQHandler                           libplatform.a(startup_stm32f446xx.s.obj)
DMA2_Stream4_IRQHandler                           libplatform.a(startup_stm32f446xx.s.obj)
DMA2_Stream5_IRQHandler                           libplatform.a(startup_stm32f446xx.s.obj)
DMA2_Stream6_IRQHandler                           libplatform.a(startup_stm32f446xx.s.obj)
DMA2_Stream7_IRQHandler                           libplatform.a(startup_stm32f446xx.s.obj)
DebugMon_Handler                                  libplatform.a(startup_stm32f446xx.s.obj)
Default_Handler                                   libplatform.a(startup_stm32f446xx.s.obj)
EXTI0_IRQHandler                                  libplatform.a(startup_stm32f446xx.s.obj)
EXTI15_10_IRQHandler                              libplatform.a(startup_stm32f446xx.s.obj)
EXTI1_IRQHandler                                  libplatform.a(startup_stm32f446xx.s.obj)
EXTI2_IRQHandler                                  libplatform.a(startup_stm32f446xx.s.obj)
EXTI3_IRQHandler                                  libplatform.a(startup_stm32f446xx.s.obj)
EXTI4_IRQHandler                                  libplatform.a(startup_stm32f446xx.s.obj)
EXTI9_5_IRQHandler                                libplatform.a(startup_stm32f446xx.s.obj)
FLASH_IRQHandler                                  libplatform.a(startup_stm32f446xx.s.obj)
FMC_IRQHandler                                    libplatform.a(startup_stm32f446xx.s.obj)
FMPI2C1_ER_IRQHandler                             libplatform.a(startup_stm32f446xx.s.obj)
FMPI2C1_EV_IRQHandler                             libplatform.a(startup_stm32f446xx.s.obj)
FPU_IRQHandler                                    libplatform.a(startup_stm32f446xx.s.obj)
HardFault_Handler                                 libplatform.a(startup_stm32f446xx.s.obj)
I2C1_ER_IRQHandler                                libplatform.a(startup_stm32f446xx.s.obj)
I2C1_EV_IRQHandler                                libplatform.a(startup_stm32f446xx.s.obj)
I2C2_ER_IRQHandler                                libplatform.a(startup_stm32f446xx.s.obj)
I2C2_EV_IRQHandler                                libplatform.a(startup_stm32f446xx.s.obj)
I2C3_ER_IRQHandler                                libplatform.a(startup_stm32f446xx.s.obj)
I2C3_EV_IRQHandler                                libplatform.a(startup_stm32f446xx.s.obj)
MemManage_Handler                                 libplatform.a(startup_stm32f446xx.s.obj)
NMI_Handler                                       libplatform.a(startup_stm32f446xx.s.obj)
OTG_FS_IRQHandler                                 libplatform.a(startup_stm32f446xx.s.obj)
OTG_FS_WKUP_IRQHandler                            libplatform.a(startup_stm32f446xx.s.obj)
OTG_HS_EP1_IN_IRQHandler                          libplatform.a(startup_stm32f446xx.s.obj)
OTG_HS_EP1_OUT_IRQHandler                         libplatform.a(startup_stm32f446xx.s.obj)
OTG_HS_IRQHandler                                 libplatform.a(startup_stm32f446xx.s.obj)
OTG_HS_WKUP_IRQHandler                            libplatform.a(startup_stm32f446xx.s.obj)
PVD_IRQHandler                                    libplatform.a(startup_stm32f446xx.s.obj)
PendSV_Handler                                    libplatform.a(startup_stm32f446xx.s.obj)
QUADSPI_IRQHandler                                libplatform.a(startup_stm32f446xx.s.obj)
RCC_IRQHandler                                    libplatform.a(startup_stm32f446xx.s.obj)
RTC_Alarm_IRQHandler                              libplatform.a(startup_stm32f446xx.s.obj)
RTC_WKUP_IRQHandler                               libplatform.a(startup_stm32f446xx.s.obj)
Reset_Handler                                     libplatform.a(startup_stm32f446xx.s.obj)
SAI1_IRQHandler                                   libplatform.a(startup_stm32f446xx.s.obj)
SAI2_IRQHandler                                   libplatform.a(startup_stm32f446xx.s.obj)
SDIO_IRQHandler                                   libplatform.a(startup_stm32f446xx.s.obj)
SPDIF_RX_IRQHandler                               libplatform.a(startup_stm32f446xx.s.obj)
SPI1_IRQHandler                                   libplatform.a(startup_stm32f446xx.s.obj)
SPI2_IRQHandler                                   libplatform.a(startup_stm32f446xx.s.obj)
SPI3_IRQHandler                                   libplatform.a(startup_stm32f446xx.s.obj)
SPI4_IRQHandler                                   libplatform.a(startup_stm32f446xx.s.obj)
SVC_Handler                                       libplatform.a(startup_stm32f446xx.s.obj)
SysTick_Handler                                   CMakeFiles/main.dir/port/stm32f4/src/interr.c.obj
SystemCoreClock                                   libproject.a(port_system.c.obj)
                                                  libproject.a(port_har_system.c.obj)
SystemInit                                        libproject.a(port_system.c.obj)
                                                  libplatform.a(startup_stm32f446xx.s.obj)
TAMP_STAMP_IRQHandler                             libplatform.a(startup_stm32f446xx.s.obj)
TIM1_BRK_TIM9_IRQHandler                          libplatform.a(startup_stm32f446xx.s.obj)
TIM1_CC_IRQHandler                                libplatform.a(startup_stm32f446xx.s.obj)
TIM1_TRG_COM_TIM11_IRQHandler                     libplatform.a(startup_stm32f446xx.s.obj)
TIM1_UP_TIM10_IRQHandler                          libplatform.a(startup_stm32f446xx.s.obj)
TIM2_IRQHandler                                   CMakeFiles/main.dir/port/stm32f4/src/interr.c.obj
TIM3_IRQHandler                                   libplatform.a(startup_stm32f446xx.s.obj)
TIM4_IRQHandler                                   libplatform.a(startup_stm32f446xx.s.obj)
TIM5_IRQHandler                                   libplatform.a(startup_stm32f446xx.s.obj)
TIM6_DAC_IRQHandler                               libplatform.a(startup_stm32f446xx.s.obj)
TIM7_IRQHandler                                   libplatform.a(startup_stm32f446xx.s.obj)
TIM8_BRK_TIM12_IRQHandler                         libplatform.a(startup_stm32f446xx.s.obj)
TIM8_CC_IRQHandler                                libplatform.a(startup_stm32f446xx.s.obj)
TIM8_TRG_COM_TIM14_IRQHandler                     libplatform.a(startup_stm32f446xx.s.obj)
TIM8_UP_TIM13_IRQHandler                          libplatform.a(startup_stm32f446xx.s.obj)
UART4_IRQHandler                                  libplatform.a(startup_stm32f446xx.s.obj)
UART5_IRQHandler                                  libplatform.a(startup_stm32f446xx.s.obj)
USART1_IRQHandler                                 libplatform.a(startup_stm32f446xx.s.obj)
USART2_IRQHandler                                 libplatform.a(startup_stm32f446xx.s.obj)
USART3_IRQHandler                                 libplatform.a(startup_stm32f446xx.s.obj)
USART6_IRQHandler                                 libplatform.a(startup_stm32f446xx.s.obj)
UsageFault_Handler                                libplatform.a(startup_stm32f446xx.s.obj)
WWDG_IRQHandler                                   libplatform.a(startup_stm32f446xx.s.obj)
_ITM_deregisterTMCloneTable                       /opt/MatrixMCU/arm-gnu-toolchain-13.2.Rel1-x86_64-arm-none-eabi/bin/../lib/gcc/arm-none-eabi/13.2.1/thumb/v7e-m+fp/hard/crtbegin.o
_ITM_registerTMCloneTable                         /opt/MatrixMCU/arm-gnu-toolchain-13.2.Rel1-x86_64-arm-none-eabi/bin/../lib/gcc/arm-none-eabi/13.2.1/thumb/v7e-m+fp/hard/crtbegin.o
__TMC_END__                                       /opt/MatrixMCU/arm-gnu-toolchain-13.2.Rel1-x86_64-arm-none-eabi/bin/../lib/gcc/arm-none-eabi/13.2.1/thumb/v7e-m+fp/hard/crtend.o
                                                  /opt/MatrixMCU/arm-gnu-toolchain-13.2.Rel1-x86_64-arm-none-eabi/bin/../lib/gcc/arm-none-eabi/13.2.1/thumb/v7e-m+fp/hard/crtbegin.o
__adddf3                                          /opt/MatrixMCU/arm-gnu-toolchain-13.2.Rel1-x86_64-arm-none-eabi/bin/../lib/gcc/arm-none-eabi/13.2.1/thumb/v7e-m+fp/hard/libgcc.a(_arm_addsubdf3.o)
__aeabi_cdcmpeq                                   /opt/MatrixMCU/arm-gnu-toolchain-13.2.Rel1-x86_64-arm-none-eabi/bin/../lib/gcc/arm-none-eabi/13.2.1/thumb/v7e-m+fp/hard/libgcc.a(_arm_cmpdf2.o)
__aeabi_cdcmple                                   /opt/MatrixMCU/arm-gnu-toolchain-13.2.Rel1-x86_64-arm-none-eabi/bin/../lib/gcc/arm-none-eabi/13.2.1/thumb/v7e-m+fp/hard/libgcc.a(_arm_cmpdf2.o)
__aeabi_cdrcmple                                  /opt/MatrixMCU/arm-gnu-toolchain-13.2.Rel1-x86_64-arm-none-eabi/bin/../lib/gcc/arm-none-eabi/13.2.1/thumb/v7e-m+fp/hard/libgcc.a(_arm_cmpdf2.o)
__aeabi_d2uiz                                     /opt/MatrixMCU/arm-gnu-toolchain-13.2.Rel1-x86_64-arm-none-eabi/bin/../lib/gcc/arm-none-eabi/13.2.1/thumb/v7e-m+fp/hard/libgcc.a(_arm_fixunsdfsi.o)
                                                  libproject.a(port_har_system.c.obj)
                                                  libproject.a(port_har_sensor.c.obj)
                                                  libproject.a(fsm_har_system.c.obj)
                                                  CMakeFiles/main.dir/port/stm32f4/src/interr.c.obj
__aeabi_dadd                                      /opt/MatrixMCU/arm-gnu-toolchain-13.2.Rel1-x86_64-arm-none-eabi/bin/../lib/gcc/arm-none-eabi/13.2.1/thumb/v7e-m+fp/hard/libgcc.a(_arm_addsubdf3.o)
                                                  /opt/MatrixMCU/arm-gnu-toolchain-13.2.Rel1-x86_64-arm-none-eabi/bin/../lib/gcc/arm-none-eabi/13.2.1/../../../../arm-none-eabi/lib/thumb/v7e-m+fp/hard/libm.a(libm_a-s_scalbn.o)
                                                  /opt/MatrixMCU/arm-gnu-toolchain-13.2.Rel1-x86_64-arm-none-eabi/bin/../lib/gcc/arm-none-eabi/13.2.1/../../../../arm-none-eabi/lib/thumb/v7e-m+fp/hard/libm.a(libm_a-e_pow.o)
                                                  /opt/MatrixMCU/arm-gnu-toolchain-13.2.Rel1-x86_64-arm-none-eabi/bin/../lib/gcc/arm-none-eabi/13.2.1/../../../../arm-none-eabi/lib/thumb/v7e-m+fp/hard/libm.a(libm_a-s_round.o)
                                                  /opt/MatrixMCU/arm-gnu-toolchain-13.2.Rel1-x86_64-arm-none-eabi/bin/../lib/gcc/arm-none-eabi/13.2.1/../../../../arm-none-eabi/lib/thumb/v7e-m+fp/hard/libm.a(libm_a-e_sqrt.o)
                                                  libproject.a(port_har_system.c.obj)
                                                  libproject.a(fsm_har_system.c.obj)
__aeabi_dcmpeq                                    /opt/MatrixMCU/arm-gnu-toolchain-13.2.Rel1-x86_64-arm-none-eabi/bin/../lib/gcc/arm-none-eabi/13.2.1/thumb/v7e-m+fp/hard/libgcc.a(_arm_cmpdf2.o)
                                                  /opt/MatrixMCU/arm-gnu-toolchain-13.2.Rel1-x86_64-arm-none-eabi/bin/../lib/gcc/arm-none-eabi/13.2.1/../../../../arm-none-eabi/lib/thumb/v7e-m+fp/hard/libm.a(libm_a-math_err.o)
                                                  /opt/MatrixMCU/arm-gnu-toolchain-13.2.Rel1-x86_64-arm-none-eabi/bin/../lib/gcc/arm-none-eabi/13.2.1/../../../../arm-none-eabi/lib/thumb/v7e-m+fp/hard/libm.a(libm_a-w_pow.o)
__aeabi_dcmpge                                    /opt/MatrixMCU/arm-gnu-toolchain-13.2.Rel1-x86_64-arm-none-eabi/bin/../lib/gcc/arm-none-eabi/13.2.1/thumb/v7e-m+fp/hard/libgcc.a(_arm_cmpdf2.o)
                                                  /opt/MatrixMCU/arm-gnu-toolchain-13.2.Rel1-x86_64-arm-none-eabi/bin/../lib/gcc/arm-none-eabi/13.2.1/../../../../arm-none-eabi/lib/thumb/v7e-m+fp/hard/libm.a(libm_a-e_pow.o)
__aeabi_dcmpgt                                    /opt/MatrixMCU/arm-gnu-toolchain-13.2.Rel1-x86_64-arm-none-eabi/bin/../lib/gcc/arm-none-eabi/13.2.1/thumb/v7e-m+fp/hard/libgcc.a(_arm_cmpdf2.o)
                                                  /opt/MatrixMCU/arm-gnu-toolchain-13.2.Rel1-x86_64-arm-none-eabi/bin/../lib/gcc/arm-none-eabi/13.2.1/../../../../arm-none-eabi/lib/thumb/v7e-m+fp/hard/libm.a(libm_a-e_pow.o)
                                                  libproject.a(port_har_system.c.obj)
                                                  libproject.a(fsm_har_system.c.obj)
__aeabi_dcmple                                    /opt/MatrixMCU/arm-gnu-toolchain-13.2.Rel1-x86_64-arm-none-eabi/bin/../lib/gcc/arm-none-eabi/13.2.1/thumb/v7e-m+fp/hard/libgcc.a(_arm_cmpdf2.o)
                                                  /opt/MatrixMCU/arm-gnu-toolchain-13.2.Rel1-x86_64-arm-none-eabi/bin/../lib/gcc/arm-none-eabi/13.2.1/../../../../arm-none-eabi/lib/thumb/v7e-m+fp/hard/libm.a(libm_a-math_err.o)
                                                  /opt/MatrixMCU/arm-gnu-toolchain-13.2.Rel1-x86_64-arm-none-eabi/bin/../lib/gcc/arm-none-eabi/13.2.1/../../../../arm-none-eabi/lib/thumb/v7e-m+fp/hard/libm.a(libm_a-e_sqrt.o)
__aeabi_dcmplt                                    /opt/MatrixMCU/arm-gnu-toolchain-13.2.Rel1-x86_64-arm-none-eabi/bin/../lib/gcc/arm-none-eabi/13.2.1/thumb/v7e-m+fp/hard/libgcc.a(_arm_cmpdf2.o)
                                                  /opt/MatrixMCU/arm-gnu-toolchain-13.2.Rel1-x86_64-arm-none-eabi/bin/../lib/gcc/arm-none-eabi/13.2.1/../../../../arm-none-eabi/lib/thumb/v7e-m+fp/hard/libm.a(libm_a-e_pow.o)
                                                  /opt/MatrixMCU/arm-gnu-toolchain-13.2.Rel1-x86_64-arm-none-eabi/bin/../lib/gcc/arm-none-eabi/13.2.1/../../../../arm-none-eabi/lib/thumb/v7e-m+fp/hard/libm.a(libm_a-w_pow.o)
                                                  /opt/MatrixMCU/arm-gnu-toolchain-13.2.Rel1-x86_64-arm-none-eabi/bin/../lib/gcc/arm-none-eabi/13.2.1/../../../../arm-none-eabi/lib/thumb/v7e-m+fp/hard/libm.a(libm_a-e_sqrt.o)
                                                  /opt/MatrixMCU/arm-gnu-toolchain-13.2.Rel1-x86_64-arm-none-eabi/bin/../lib/gcc/arm-none-eabi/13.2.1/../../../../arm-none-eabi/lib/thumb/v7e-m+fp/hard/libm.a(libm_a-w_sqrt.o)
                                                  libproject.a(fsm_har_system.c.obj)
__aeabi_dcmpun                                    /opt/MatrixMCU/arm-gnu-toolchain-13.2.Rel1-x86_64-arm-none-eabi/bin/../lib/gcc/arm-none-eabi/13.2.1/thumb/v7e-m+fp/hard/libgcc.a(_arm_unorddf2.o)
                                                  /opt/MatrixMCU/arm-gnu-toolchain-13.2.Rel1-x86_64-arm-none-eabi/bin/../lib/gcc/arm-none-eabi/13.2.1/../../../../arm-none-eabi/lib/thumb/v7e-m+fp/hard/libm.a(libm_a-math_err.o)
                                                  /opt/MatrixMCU/arm-gnu-toolchain-13.2.Rel1-x86_64-arm-none-eabi/bin/../lib/gcc/arm-none-eabi/13.2.1/../../../../arm-none-eabi/lib/thumb/v7e-m+fp/hard/libm.a(libm_a-w_pow.o)
                                                  /opt/MatrixMCU/arm-gnu-toolchain-13.2.Rel1-x86_64-arm-none-eabi/bin/../lib/gcc/arm-none-eabi/13.2.1/../../../../arm-none-eabi/lib/thumb/v7e-m+fp/hard/libm.a(libm_a-w_sqrt.o)
__aeabi_ddiv                                      /opt/MatrixMCU/arm-gnu-toolchain-13.2.Rel1-x86_64-arm-none-eabi/bin/../lib/gcc/arm-none-eabi/13.2.1/thumb/v7e-m+fp/hard/libgcc.a(_arm_muldivdf3.o)
                                                  /opt/MatrixMCU/arm-gnu-toolchain-13.2.Rel1-x86_64-arm-none-eabi/bin/../lib/gcc/arm-none-eabi/13.2.1/../../../../arm-none-eabi/lib/thumb/v7e-m+fp/hard/libm.a(libm_a-math_err.o)
                                                  /opt/MatrixMCU/arm-gnu-toolchain-13.2.Rel1-x86_64-arm-none-eabi/bin/../lib/gcc/arm-none-eabi/13.2.1/../../../../arm-none-eabi/lib/thumb/v7e-m+fp/hard/libm.a(libm_a-e_pow.o)
                                                  /opt/MatrixMCU/arm-gnu-toolchain-13.2.Rel1-x86_64-arm-none-eabi/bin/../lib/gcc/arm-none-eabi/13.2.1/../../../../arm-none-eabi/lib/thumb/v7e-m+fp/hard/libm.a(libm_a-e_sqrt.o)
                                                  /opt/MatrixMCU/arm-gnu-toolchain-13.2.Rel1-x86_64-arm-none-eabi/bin/../lib/gcc/arm-none-eabi/13.2.1/../../../../arm-none-eabi/lib/thumb/v7e-m+fp/hard/libm.a(libm_a-w_sqrt.o)
                                                  libproject.a(port_har_system.c.obj)
                                                  libproject.a(fsm_har_system.c.obj)
__aeabi_dmul                                      /opt/MatrixMCU/arm-gnu-toolchain-13.2.Rel1-x86_64-arm-none-eabi/bin/../lib/gcc/arm-none-eabi/13.2.1/thumb/v7e-m+fp/hard/libgcc.a(_arm_muldivdf3.o)
                                                  /opt/MatrixMCU/arm-gnu-toolchain-13.2.Rel1-x86_64-arm-none-eabi/bin/../lib/gcc/arm-none-eabi/13.2.1/thumb/v7e-m+fp/hard/libgcc.a(_arm_muldf3.o)
                                                  /opt/MatrixMCU/arm-gnu-toolchain-13.2.Rel1-x86_64-arm-none-eabi/bin/../lib/gcc/arm-none-eabi/13.2.1/../../../../arm-none-eabi/lib/thumb/v7e-m+fp/hard/libm.a(libm_a-s_scalbn.o)
                                                  /opt/MatrixMCU/arm-gnu-toolchain-13.2.Rel1-x86_64-arm-none-eabi/bin/../lib/gcc/arm-none-eabi/13.2.1/../../../../arm-none-eabi/lib/thumb/v7e-m+fp/hard/libm.a(libm_a-math_err.o)
                                                  /opt/MatrixMCU/arm-gnu-toolchain-13.2.Rel1-x86_64-arm-none-eabi/bin/../lib/gcc/arm-none-eabi/13.2.1/../../../../arm-none-eabi/lib/thumb/v7e-m+fp/hard/libm.a(libm_a-e_pow.o)
                                                  /opt/MatrixMCU/arm-gnu-toolchain-13.2.Rel1-x86_64-arm-none-eabi/bin/../lib/gcc/arm-none-eabi/13.2.1/../../../../arm-none-eabi/lib/thumb/v7e-m+fp/hard/libm.a(libm_a-e_sqrt.o)
                                                  libproject.a(port_har_system.c.obj)
                                                  libproject.a(fsm_har_system.c.obj)
__aeabi_drsub                                     /opt/MatrixMCU/arm-gnu-toolchain-13.2.Rel1-x86_64-arm-none-eabi/bin/../lib/gcc/arm-none-eabi/13.2.1/thumb/v7e-m+fp/hard/libgcc.a(_arm_addsubdf3.o)
__aeabi_dsub                                      /opt/MatrixMCU/arm-gnu-toolchain-13.2.Rel1-x86_64-arm-none-eabi/bin/../lib/gcc/arm-none-eabi/13.2.1/thumb/v7e-m+fp/hard/libgcc.a(_arm_addsubdf3.o)
                                                  /opt/MatrixMCU/arm-gnu-toolchain-13.2.Rel1-x86_64-arm-none-eabi/bin/../lib/gcc/arm-none-eabi/13.2.1/../../../../arm-none-eabi/lib/thumb/v7e-m+fp/hard/libm.a(libm_a-math_err.o)
                                                  /opt/MatrixMCU/arm-gnu-toolchain-13.2.Rel1-x86_64-arm-none-eabi/bin/../lib/gcc/arm-none-eabi/13.2.1/../../../../arm-none-eabi/lib/thumb/v7e-m+fp/hard/libm.a(libm_a-e_pow.o)
                                                  /opt/MatrixMCU/arm-gnu-toolchain-13.2.Rel1-x86_64-arm-none-eabi/bin/../lib/gcc/arm-none-eabi/13.2.1/../../../../arm-none-eabi/lib/thumb/v7e-m+fp/hard/libm.a(libm_a-e_sqrt.o)
                                                  libproject.a(port_har_system.c.obj)
                                                  libproject.a(fsm_har_system.c.obj)
__aeabi_f2d                                       /opt/MatrixMCU/arm-gnu-toolchain-13.2.Rel1-x86_64-arm-none-eabi/bin/../lib/gcc/arm-none-eabi/13.2.1/thumb/v7e-m+fp/hard/libgcc.a(_arm_addsubdf3.o)
__aeabi_i2d                                       /opt/MatrixMCU/arm-gnu-toolchain-13.2.Rel1-x86_64-arm-none-eabi/bin/../lib/gcc/arm-none-eabi/13.2.1/thumb/v7e-m+fp/hard/libgcc.a(_arm_addsubdf3.o)
                                                  /opt/MatrixMCU/arm-gnu-toolchain-13.2.Rel1-x86_64-arm-none-eabi/bin/../lib/gcc/arm-none-eabi/13.2.1/../../../../arm-none-eabi/lib/thumb/v7e-m+fp/hard/libm.a(libm_a-e_pow.o)
__aeabi_l2d                                       /opt/MatrixMCU/arm-gnu-toolchain-13.2.Rel1-x86_64-arm-none-eabi/bin/../lib/gcc/arm-none-eabi/13.2.1/thumb/v7e-m+fp/hard/libgcc.a(_arm_addsubdf3.o)
__aeabi_ui2d                                      /opt/MatrixMCU/arm-gnu-toolchain-13.2.Rel1-x86_64-arm-none-eabi/bin/../lib/gcc/arm-none-eabi/13.2.1/thumb/v7e-m+fp/hard/libgcc.a(_arm_addsubdf3.o)
                                                  libproject.a(port_har_system.c.obj)
                                                  libproject.a(port_har_sensor.c.obj)
                                                  CMakeFiles/main.dir/port/stm32f4/src/interr.c.obj
__aeabi_ul2d                                      /opt/MatrixMCU/arm-gnu-toolchain-13.2.Rel1-x86_64-arm-none-eabi/bin/../lib/gcc/arm-none-eabi/13.2.1/thumb/v7e-m+fp/hard/libgcc.a(_arm_addsubdf3.o)